Archive member included to satisfy reference by file (symbol)

c:/program files/microchip/xc32/v4.10/bin/bin/../../lib/gcc/pic32mx/8.3.1\libgcc.a(floatunsisf.o)
                              build/default/production/_ext/1975241074/AD.o (__floatunsisf)
c:/program files/microchip/xc32/v4.10/bin/bin/../../lib/gcc/pic32mx/8.3.1/../../../../pic32mx/lib\libpic32.a(default-bootstrap-exception-handler.o)
                              C:\Users\gxjacobs\AppData\Local\Temp\ccK3IyYZ.o (_bootstrap_exception_handler)
c:/program files/microchip/xc32/v4.10/bin/bin/../../lib/gcc/pic32mx/8.3.1/../../../../pic32mx/lib\libpic32.a(default-on-reset.o)
                              C:\Users\gxjacobs\AppData\Local\Temp\ccK3IyYZ.o (_on_reset)
c:/program files/microchip/xc32/v4.10/bin/bin/../../lib/gcc/pic32mx/8.3.1/../../../../pic32mx/lib\libpic32.a(default-on-bootstrap.o)
                              C:\Users\gxjacobs\AppData\Local\Temp\ccK3IyYZ.o (_on_bootstrap)
c:/program files/microchip/xc32/v4.10/bin/bin/../../lib/gcc/pic32mx/8.3.1/../../../../pic32mx/lib\libpic32.a(default-nmi-handler.o)
                              C:\Users\gxjacobs\AppData\Local\Temp\ccK3IyYZ.o (_nmi_handler)
c:/program files/microchip/xc32/v4.10/bin/bin/../../lib/gcc/pic32mx/8.3.1/../../../../pic32mx/lib\libpic32.a(pic32_data_init.o)
                              C:\Users\gxjacobs\AppData\Local\Temp\ccK3IyYZ.o (__pic32_data_init)
c:/program files/microchip/xc32/v4.10/bin/bin/../../lib/gcc/pic32mx/8.3.1/../../../../pic32mx/lib\libpic32.a(general-exception.o)
                              C:\Users\gxjacobs\AppData\Local\Temp\ccK3IyYZ.o (_general_exception_context)
c:/program files/microchip/xc32/v4.10/bin/bin/../../lib/gcc/pic32mx/8.3.1/../../../../pic32mx/lib\libpic32.a(vector0.o)
                              C:\Users\gxjacobs\AppData\Local\Temp\ccszXVPK.o (__vector_dispatch_0)
c:/program files/microchip/xc32/v4.10/bin/bin/../../lib/gcc/pic32mx/8.3.1/../../../../pic32mx/lib\libpic32.a(vector1.o)
                              C:\Users\gxjacobs\AppData\Local\Temp\ccszXVPK.o (__vector_dispatch_1)
c:/program files/microchip/xc32/v4.10/bin/bin/../../lib/gcc/pic32mx/8.3.1/../../../../pic32mx/lib\libpic32.a(vector2.o)
                              C:\Users\gxjacobs\AppData\Local\Temp\ccszXVPK.o (__vector_dispatch_2)
c:/program files/microchip/xc32/v4.10/bin/bin/../../lib/gcc/pic32mx/8.3.1/../../../../pic32mx/lib\libpic32.a(vector3.o)
                              C:\Users\gxjacobs\AppData\Local\Temp\ccszXVPK.o (__vector_dispatch_3)
c:/program files/microchip/xc32/v4.10/bin/bin/../../lib/gcc/pic32mx/8.3.1/../../../../pic32mx/lib\libpic32.a(vector5.o)
                              C:\Users\gxjacobs\AppData\Local\Temp\ccszXVPK.o (__vector_dispatch_5)
c:/program files/microchip/xc32/v4.10/bin/bin/../../lib/gcc/pic32mx/8.3.1/../../../../pic32mx/lib\libpic32.a(vector6.o)
                              C:\Users\gxjacobs\AppData\Local\Temp\ccszXVPK.o (__vector_dispatch_6)
c:/program files/microchip/xc32/v4.10/bin/bin/../../lib/gcc/pic32mx/8.3.1/../../../../pic32mx/lib\libpic32.a(vector7.o)
                              C:\Users\gxjacobs\AppData\Local\Temp\ccszXVPK.o (__vector_dispatch_7)
c:/program files/microchip/xc32/v4.10/bin/bin/../../lib/gcc/pic32mx/8.3.1/../../../../pic32mx/lib\libpic32.a(vector8.o)
                              C:\Users\gxjacobs\AppData\Local\Temp\ccszXVPK.o (__vector_dispatch_8)
c:/program files/microchip/xc32/v4.10/bin/bin/../../lib/gcc/pic32mx/8.3.1/../../../../pic32mx/lib\libpic32.a(vector9.o)
                              C:\Users\gxjacobs\AppData\Local\Temp\ccszXVPK.o (__vector_dispatch_9)
c:/program files/microchip/xc32/v4.10/bin/bin/../../lib/gcc/pic32mx/8.3.1/../../../../pic32mx/lib\libpic32.a(vector10.o)
                              C:\Users\gxjacobs\AppData\Local\Temp\ccszXVPK.o (__vector_dispatch_10)
c:/program files/microchip/xc32/v4.10/bin/bin/../../lib/gcc/pic32mx/8.3.1/../../../../pic32mx/lib\libpic32.a(vector11.o)
                              C:\Users\gxjacobs\AppData\Local\Temp\ccszXVPK.o (__vector_dispatch_11)
c:/program files/microchip/xc32/v4.10/bin/bin/../../lib/gcc/pic32mx/8.3.1/../../../../pic32mx/lib\libpic32.a(vector12.o)
                              C:\Users\gxjacobs\AppData\Local\Temp\ccszXVPK.o (__vector_dispatch_12)
c:/program files/microchip/xc32/v4.10/bin/bin/../../lib/gcc/pic32mx/8.3.1/../../../../pic32mx/lib\libpic32.a(vector13.o)
                              C:\Users\gxjacobs\AppData\Local\Temp\ccszXVPK.o (__vector_dispatch_13)
c:/program files/microchip/xc32/v4.10/bin/bin/../../lib/gcc/pic32mx/8.3.1/../../../../pic32mx/lib\libpic32.a(vector14.o)
                              C:\Users\gxjacobs\AppData\Local\Temp\ccszXVPK.o (__vector_dispatch_14)
c:/program files/microchip/xc32/v4.10/bin/bin/../../lib/gcc/pic32mx/8.3.1/../../../../pic32mx/lib\libpic32.a(vector15.o)
                              C:\Users\gxjacobs\AppData\Local\Temp\ccszXVPK.o (__vector_dispatch_15)
[...]
Memory Configuration

Name             Origin             Length             Attributes
kseg0_program_mem 0x000000009d002000 0x000000000001d000 xr
kseg0_boot_mem   0x000000009d000490 0x0000000000000970
exception_mem    0x000000009d001000 0x0000000000001000
kseg1_boot_mem   0x00000000bd000000 0x0000000000000490
debug_exec_mem   0x00000000bfc02000 0x0000000000000ff0
config3          0x00000000bfc02ff0 0x0000000000000004
config2          0x00000000bfc02ff4 0x0000000000000004
config1          0x00000000bfc02ff8 0x0000000000000004
config0          0x00000000bfc02ffc 0x0000000000000004
kseg1_data_mem   0x00000000a0000000 0x0000000000004000 w !x
sfrs             0x00000000bf800000 0x0000000000100000
configsfrs       0x00000000bfc02ff0 0x0000000000000010
*default*        0x0000000000000000 0xffffffffffffffff

Linker script and memory map

LOAD c:/program files/microchip/xc32/v4.10/bin/bin/../../lib/gcc/pic32mx/8.3.1/../../../../pic32mx/lib\debug-exception-return.o
LOAD build/default/production/_ext/1975241074/AD.o
LOAD build/default/production/_ext/1975241074/BOARD.o
LOAD build/default/production/_ext/1975241074/ES_CheckEvents.o
LOAD build/default/production/_ext/1975241074/ES_Framework.o
LOAD build/default/production/_ext/1975241074/ES_KeyboardInput.o
LOAD build/default/production/_ext/1975241074/ES_PostList.o
LOAD build/default/production/_ext/1975241074/ES_Queue.o
LOAD build/default/production/_ext/1975241074/ES_TattleTale.o
LOAD build/default/production/_ext/1975241074/ES_Timers.o
LOAD build/default/production/_ext/1975241074/IO_Ports.o
LOAD build/default/production/_ext/1975241074/LED.o
LOAD build/default/production/_ext/1975241074/RC_Servo.o
LOAD build/default/production/_ext/1975241074/pwm.o
LOAD build/default/production/_ext/1975241074/serial.o
LOAD build/default/production/DepositSubHSM.o
LOAD build/default/production/BumperService.o
LOAD build/default/production/TrackWireService.o
LOAD build/default/production/TapeService.o
LOAD build/default/production/RobotMain.o
LOAD build/default/production/RoboHSM.o
LOAD build/default/production/RoamSubHSM.o
LOAD build/default/production/MowerSubHSM.o
LOAD build/default/production/Motors.o
LOAD build/default/production/FindDoorSubHSM.o
LOAD build/default/production/_ext/1975241074/timers.o
                0x0000000000000001                __MPLAB_BUILD = 0x1
                0x0000000000000400                PROVIDE (_min_stack_size = 0x400)
START GROUP
LOAD c:/program files/microchip/xc32/v4.10/bin/bin/../../lib/gcc/pic32mx/8.3.1/../../../../pic32mx/lib\libmchp_peripheral.a
END GROUP
START GROUP
LOAD c:/program files/microchip/xc32/v4.10/bin/bin/../../lib/gcc/pic32mx/8.3.1/../../../../pic32mx/lib\libmchp_peripheral_32MX320F128H.a
END GROUP
                0x0000000000000001                PROVIDE (_vector_spacing = 0x1)
                0x000000009d001000                _ebase_address = 0x9d001000
                0x00000000bd000000                _RESET_ADDR = 0xbd000000
                0x00000000bd000380                _BEV_EXCPT_ADDR = 0xbd000380
                0x00000000bd000480                _DBG_EXCPT_ADDR = 0xbd000480
                0x00000000bfc02000                _DBG_CODE_ADDR = 0xbfc02000
                0x0000000000000ff0                _DBG_CODE_SIZE = 0xff0
                0x000000009d001180                _GEN_EXCPT_ADDR = (_ebase_address + 0x180)

.config_BFC02FF0
 *(.config_BFC02FF0)

.config_BFC02FF4
 *(.config_BFC02FF4)

.config_BFC02FF8
 *(.config_BFC02FF8)

.config_BFC02FFC
 *(.config_BFC02FFC)
                [!provide]                        PROVIDE (_DBG_CODE_ADDR = 0xbfc02000)
                [!provide]                        PROVIDE (_DBG_CODE_SIZE = 0xff0)

.reset          0x00000000bd000000      0x19c
 *(.reset)
 .reset         0x00000000bd000000        0x8 C:\Users\gxjacobs\AppData\Local\Temp\ccK3IyYZ.o
                0x00000000bd000000                _reset
 *(.reset.startup)
 .reset.startup
                0x00000000bd000008      0x194 C:\Users\gxjacobs\AppData\Local\Temp\ccK3IyYZ.o
                0x00000000bd000008                _startup

.bev_excpt      0x00000000bd000380       0x10
 *(.bev_handler)
 .bev_handler   0x00000000bd000380       0x10 C:\Users\gxjacobs\AppData\Local\Temp\ccK3IyYZ.o

.dbg_excpt      0x00000000bd000480        0x0
                0x00000000bd000480                . = (. + DEFINED (_DEBUGGER)?0x8:0x0)

.dbg_code       0x00000000bfc02000        0x0
                0x00000000bfc02000                . = (. + DEFINED (_DEBUGGER)?_DBG_CODE_SIZE:0x0)

.app_excpt      0x000000009d001180       0x10
 *(.gen_handler)
 .gen_handler   0x000000009d001180       0x10 C:\Users\gxjacobs\AppData\Local\Temp\ccK3IyYZ.o

.vector_0       0x000000009d001200        0x8
 *(.vector_0)
 .vector_0      0x000000009d001200        0x8 c:/program files/microchip/xc32/v4.10/bin/bin/../../lib/gcc/pic32mx/8.3.1/../../../../pic32mx/lib\libpic32.a(vector0.o)
                0x000000009d001200                __vector_dispatch_0
                0x0000000000000001                ASSERT (((_vector_spacing == 0x0) || (SIZEOF (.vector_0) <= (_vector_spacing << 0x5))), function at exception vector 0 too large)

.vector_1       0x000000009d001220        0x8
 *(.vector_1)
 .vector_1      0x000000009d001220        0x8 c:/program files/microchip/xc32/v4.10/bin/bin/../../lib/gcc/pic32mx/8.3.1/../../../../pic32mx/lib\libpic32.a(vector1.o)
                0x000000009d001220                __vector_dispatch_1
                0x0000000000000001                ASSERT (((_vector_spacing == 0x0) || (SIZEOF (.vector_1) <= (_vector_spacing << 0x5))), function at exception vector 1 too large)

.vector_2       0x000000009d001240        0x8
 *(.vector_2)
 .vector_2      0x000000009d001240        0x8 c:/program files/microchip/xc32/v4.10/bin/bin/../../lib/gcc/pic32mx/8.3.1/../../../../pic32mx/lib\libpic32.a(vector2.o)
                0x000000009d001240                __vector_dispatch_2
                0x0000000000000001                ASSERT (((_vector_spacing == 0x0) || (SIZEOF (.vector_2) <= (_vector_spacing << 0x5))), function at exception vector 2 too large)

.vector_3       0x000000009d001260        0x8
 *(.vector_3)
 .vector_3      0x000000009d001260        0x8 c:/program files/microchip/xc32/v4.10/bin/bin/../../lib/gcc/pic32mx/8.3.1/../../../../pic32mx/lib\libpic32.a(vector3.o)
                0x000000009d001260                __vector_dispatch_3
                0x0000000000000001                ASSERT (((_vector_spacing == 0x0) || (SIZEOF (.vector_3) <= (_vector_spacing << 0x5))), function at exception vector 3 too large)

.vector_4       0x000000009d001280        0x8
 *(.vector_4)
 .vector_4      0x000000009d001280        0x8 build/default/production/_ext/1975241074/ES_Timers.o
                0x000000009d001280                __vector_dispatch_4
                0x0000000000000001                ASSERT (((_vector_spacing == 0x0) || (SIZEOF (.vector_4) <= (_vector_spacing << 0x5))), function at exception vector 4 too large)

.vector_5       0x000000009d0012a0        0x8
 *(.vector_5)
 .vector_5      0x000000009d0012a0        0x8 c:/program files/microchip/xc32/v4.10/bin/bin/../../lib/gcc/pic32mx/8.3.1/../../../../pic32mx/lib\libpic32.a(vector5.o)
                0x000000009d0012a0                __vector_dispatch_5
                0x0000000000000001                ASSERT (((_vector_spacing == 0x0) || (SIZEOF (.vector_5) <= (_vector_spacing << 0x5))), function at exception vector 5 too large)

.vector_6       0x000000009d0012c0        0x8
 *(.vector_6)
 .vector_6      0x000000009d0012c0        0x8 c:/program files/microchip/xc32/v4.10/bin/bin/../../lib/gcc/pic32mx/8.3.1/../../../../pic32mx/lib\libpic32.a(vector6.o)
                0x000000009d0012c0                __vector_dispatch_6
                0x0000000000000001                ASSERT (((_vector_spacing == 0x0) || (SIZEOF (.vector_6) <= (_vector_spacing << 0x5))), function at exception vector 6 too large)

.vector_7       0x000000009d0012e0        0x8
 *(.vector_7)
 .vector_7      0x000000009d0012e0        0x8 c:/program files/microchip/xc32/v4.10/bin/bin/../../lib/gcc/pic32mx/8.3.1/../../../../pic32mx/lib\libpic32.a(vector7.o)
                0x000000009d0012e0                __vector_dispatch_7
                0x0000000000000001                ASSERT (((_vector_spacing == 0x0) || (SIZEOF (.vector_7) <= (_vector_spacing << 0x5))), function at exception vector 7 too large)

.vector_8       0x000000009d001300        0x8
 *(.vector_8)
 .vector_8      0x000000009d001300        0x8 c:/program files/microchip/xc32/v4.10/bin/bin/../../lib/gcc/pic32mx/8.3.1/../../../../pic32mx/lib\libpic32.a(vector8.o)
                0x000000009d001300                __vector_dispatch_8
                0x0000000000000001                ASSERT (((_vector_spacing == 0x0) || (SIZEOF (.vector_8) <= (_vector_spacing << 0x5))), function at exception vector 8 too large)

.vector_9       0x000000009d001320        0x8
 *(.vector_9)
 .vector_9      0x000000009d001320        0x8 c:/program files/microchip/xc32/v4.10/bin/bin/../../lib/gcc/pic32mx/8.3.1/../../../../pic32mx/lib\libpic32.a(vector9.o)
                0x000000009d001320                __vector_dispatch_9
                0x0000000000000001                ASSERT (((_vector_spacing == 0x0) || (SIZEOF (.vector_9) <= (_vector_spacing << 0x5))), function at exception vector 9 too large)

.vector_10      0x000000009d001340        0x8
 *(.vector_10)
 .vector_10     0x000000009d001340        0x8 c:/program files/microchip/xc32/v4.10/bin/bin/../../lib/gcc/pic32mx/8.3.1/../../../../pic32mx/lib\libpic32.a(vector10.o)
                0x000000009d001340                __vector_dispatch_10
                0x0000000000000001                ASSERT (((_vector_spacing == 0x0) || (SIZEOF (.vector_10) <= (_vector_spacing << 0x5))), function at exception vector 10 too large)

.vector_11      0x000000009d001360        0x8
 *(.vector_11)
 .vector_11     0x000000009d001360        0x8 c:/program files/microchip/xc32/v4.10/bin/bin/../../lib/gcc/pic32mx/8.3.1/../../../../pic32mx/lib\libpic32.a(vector11.o)
                0x000000009d001360                __vector_dispatch_11
                0x0000000000000001                ASSERT (((_vector_spacing == 0x0) || (SIZEOF (.vector_11) <= (_vector_spacing << 0x5))), function at exception vector 11 too large)

.vector_12      0x000000009d001380        0x8
 *(.vector_12)
 .vector_12     0x000000009d001380        0x8 c:/program files/microchip/xc32/v4.10/bin/bin/../../lib/gcc/pic32mx/8.3.1/../../../../pic32mx/lib\libpic32.a(vector12.o)
                0x000000009d001380                __vector_dispatch_12
                0x0000000000000001                ASSERT (((_vector_spacing == 0x0) || (SIZEOF (.vector_12) <= (_vector_spacing << 0x5))), function at exception vector 12 too large)

.vector_13      0x000000009d0013a0        0x8
 *(.vector_13)
 .vector_13     0x000000009d0013a0        0x8 c:/program files/microchip/xc32/v4.10/bin/bin/../../lib/gcc/pic32mx/8.3.1/../../../../pic32mx/lib\libpic32.a(vector13.o)
                0x000000009d0013a0                __vector_dispatch_13
                0x0000000000000001                ASSERT (((_vector_spacing == 0x0) || (SIZEOF (.vector_13) <= (_vector_spacing << 0x5))), function at exception vector 13 too large)

.vector_14      0x000000009d0013c0        0x8
 *(.vector_14)
 .vector_14     0x000000009d0013c0        0x8 c:/program files/microchip/xc32/v4.10/bin/bin/../../lib/gcc/pic32mx/8.3.1/../../../../pic32mx/lib\libpic32.a(vector14.o)
                0x000000009d0013c0                __vector_dispatch_14
                0x0000000000000001                ASSERT (((_vector_spacing == 0x0) || (SIZEOF (.vector_14) <= (_vector_spacing << 0x5))), function at exception vector 14 too large)

.vector_15      0x000000009d0013e0        0x8
 *(.vector_15)
 .vector_15     0x000000009d0013e0        0x8 c:/program files/microchip/xc32/v4.10/bin/bin/../../lib/gcc/pic32mx/8.3.1/../../../../pic32mx/lib\libpic32.a(vector15.o)
                0x000000009d0013e0                __vector_dispatch_15
                0x0000000000000001                ASSERT (((_vector_spacing == 0x0) || (SIZEOF (.vector_15) <= (_vector_spacing << 0x5))), function at exception vector 15 too large)

.vector_16      0x000000009d001400        0x8
 *(.vector_16)
 .vector_16     0x000000009d001400        0x8 build/default/production/_ext/1975241074/RC_Servo.o
                0x000000009d001400                __vector_dispatch_16
                0x0000000000000001                ASSERT (((_vector_spacing == 0x0) || (SIZEOF (.vector_16) <= (_vector_spacing << 0x5))), function at exception vector 16 too large)

.vector_17      0x000000009d001420        0x8
 *(.vector_17)
 .vector_17     0x000000009d001420        0x8 c:/program files/microchip/xc32/v4.10/bin/bin/../../lib/gcc/pic32mx/8.3.1/../../../../pic32mx/lib\libpic32.a(vector17.o)
                0x000000009d001420                __vector_dispatch_17
                0x0000000000000001                ASSERT (((_vector_spacing == 0x0) || (SIZEOF (.vector_17) <= (_vector_spacing << 0x5))), function at exception vector 17 too large)

.vector_18      0x000000009d001440        0x8
 *(.vector_18)
 .vector_18     0x000000009d001440        0x8 c:/program files/microchip/xc32/v4.10/bin/bin/../../lib/gcc/pic32mx/8.3.1/../../../../pic32mx/lib\libpic32.a(vector18.o)
                0x000000009d001440                __vector_dispatch_18
                0x0000000000000001                ASSERT (((_vector_spacing == 0x0) || (SIZEOF (.vector_18) <= (_vector_spacing << 0x5))), function at exception vector 18 too large)

.vector_19      0x000000009d001460        0x8
 *(.vector_19)
 .vector_19     0x000000009d001460        0x8 c:/program files/microchip/xc32/v4.10/bin/bin/../../lib/gcc/pic32mx/8.3.1/../../../../pic32mx/lib\libpic32.a(vector19.o)
                0x000000009d001460                __vector_dispatch_19
                0x0000000000000001                ASSERT (((_vector_spacing == 0x0) || (SIZEOF (.vector_19) <= (_vector_spacing << 0x5))), function at exception vector 19 too large)

.vector_20      0x000000009d001480        0x8
 *(.vector_20)
 .vector_20     0x000000009d001480        0x8 build/default/production/_ext/1975241074/timers.o
                0x000000009d001480                __vector_dispatch_20
                0x0000000000000001                ASSERT (((_vector_spacing == 0x0) || (SIZEOF (.vector_20) <= (_vector_spacing << 0x5))), function at exception vector 20 too large)

.vector_21      0x000000009d0014a0        0x8
 *(.vector_21)
 .vector_21     0x000000009d0014a0        0x8 c:/program files/microchip/xc32/v4.10/bin/bin/../../lib/gcc/pic32mx/8.3.1/../../../../pic32mx/lib\libpic32.a(vector21.o)
                0x000000009d0014a0                __vector_dispatch_21
                0x0000000000000001                ASSERT (((_vector_spacing == 0x0) || (SIZEOF (.vector_21) <= (_vector_spacing << 0x5))), function at exception vector 21 too large)

.vector_22      0x000000009d0014c0        0x8
 *(.vector_22)
 .vector_22     0x000000009d0014c0        0x8 c:/program files/microchip/xc32/v4.10/bin/bin/../../lib/gcc/pic32mx/8.3.1/../../../../pic32mx/lib\libpic32.a(vector22.o)
                0x000000009d0014c0                __vector_dispatch_22
                0x0000000000000001                ASSERT (((_vector_spacing == 0x0) || (SIZEOF (.vector_22) <= (_vector_spacing << 0x5))), function at exception vector 22 too large)

.vector_23      0x000000009d0014e0        0x8
 *(.vector_23)
 .vector_23     0x000000009d0014e0        0x8 c:/program files/microchip/xc32/v4.10/bin/bin/../../lib/gcc/pic32mx/8.3.1/../../../../pic32mx/lib\libpic32.a(vector23.o)
                0x000000009d0014e0                __vector_dispatch_23
                0x0000000000000001                ASSERT (((_vector_spacing == 0x0) || (SIZEOF (.vector_23) <= (_vector_spacing << 0x5))), function at exception vector 23 too large)

.vector_24      0x000000009d001500        0x8
 *(.vector_24)
 .vector_24     0x000000009d001500        0x8 build/default/production/_ext/1975241074/serial.o
                0x000000009d001500                __vector_dispatch_24
                0x0000000000000001                ASSERT (((_vector_spacing == 0x0) || (SIZEOF (.vector_24) <= (_vector_spacing << 0x5))), function at exception vector 24 too large)

.vector_25      0x000000009d001520        0x8
 *(.vector_25)
 .vector_25     0x000000009d001520        0x8 c:/program files/microchip/xc32/v4.10/bin/bin/../../lib/gcc/pic32mx/8.3.1/../../../../pic32mx/lib\libpic32.a(vector25.o)
                0x000000009d001520                __vector_dispatch_25
                0x0000000000000001                ASSERT (((_vector_spacing == 0x0) || (SIZEOF (.vector_25) <= (_vector_spacing << 0x5))), function at exception vector 25 too large)

.vector_26      0x000000009d001540        0x8
 *(.vector_26)
 .vector_26     0x000000009d001540        0x8 c:/program files/microchip/xc32/v4.10/bin/bin/../../lib/gcc/pic32mx/8.3.1/../../../../pic32mx/lib\libpic32.a(vector26.o)
                0x000000009d001540                __vector_dispatch_26
                0x0000000000000001                ASSERT (((_vector_spacing == 0x0) || (SIZEOF (.vector_26) <= (_vector_spacing << 0x5))), function at exception vector 26 too large)

.vector_27      0x000000009d001560        0x8
 *(.vector_27)
 .vector_27     0x000000009d001560        0x8 build/default/production/_ext/1975241074/AD.o
                0x000000009d001560                __vector_dispatch_27
                0x0000000000000001                ASSERT (((_vector_spacing == 0x0) || (SIZEOF (.vector_27) <= (_vector_spacing << 0x5))), function at exception vector 27 too large)

.vector_28      0x000000009d001580        0x8
 *(.vector_28)
 .vector_28     0x000000009d001580        0x8 c:/program files/microchip/xc32/v4.10/bin/bin/../../lib/gcc/pic32mx/8.3.1/../../../../pic32mx/lib\libpic32.a(vector28.o)
                0x000000009d001580                __vector_dispatch_28
                0x0000000000000001                ASSERT (((_vector_spacing == 0x0) || (SIZEOF (.vector_28) <= (_vector_spacing << 0x5))), function at exception vector 28 too large)

.vector_29      0x000000009d0015a0        0x8
 *(.vector_29)
 .vector_29     0x000000009d0015a0        0x8 c:/program files/microchip/xc32/v4.10/bin/bin/../../lib/gcc/pic32mx/8.3.1/../../../../pic32mx/lib\libpic32.a(vector29.o)
                0x000000009d0015a0                __vector_dispatch_29
                0x0000000000000001                ASSERT (((_vector_spacing == 0x0) || (SIZEOF (.vector_29) <= (_vector_spacing << 0x5))), function at exception vector 29 too large)

.vector_30      0x000000009d0015c0        0x8
 *(.vector_30)
 .vector_30     0x000000009d0015c0        0x8 c:/program files/microchip/xc32/v4.10/bin/bin/../../lib/gcc/pic32mx/8.3.1/../../../../pic32mx/lib\libpic32.a(vector30.o)
                0x000000009d0015c0                __vector_dispatch_30
                0x0000000000000001                ASSERT (((_vector_spacing == 0x0) || (SIZEOF (.vector_30) <= (_vector_spacing << 0x5))), function at exception vector 30 too large)

.vector_31      0x000000009d0015e0        0x8
 *(.vector_31)
 .vector_31     0x000000009d0015e0        0x8 c:/program files/microchip/xc32/v4.10/bin/bin/../../lib/gcc/pic32mx/8.3.1/../../../../pic32mx/lib\libpic32.a(vector31.o)
                0x000000009d0015e0                __vector_dispatch_31
                0x0000000000000001                ASSERT (((_vector_spacing == 0x0) || (SIZEOF (.vector_31) <= (_vector_spacing << 0x5))), function at exception vector 31 too large)

.vector_32      0x000000009d001600        0x8
 *(.vector_32)
 .vector_32     0x000000009d001600        0x8 c:/program files/microchip/xc32/v4.10/bin/bin/../../lib/gcc/pic32mx/8.3.1/../../../../pic32mx/lib\libpic32.a(vector32.o)
                0x000000009d001600                __vector_dispatch_32
                0x0000000000000001                ASSERT (((_vector_spacing == 0x0) || (SIZEOF (.vector_32) <= (_vector_spacing << 0x5))), function at exception vector 32 too large)

.vector_33      0x000000009d001620        0x8
 *(.vector_33)
 .vector_33     0x000000009d001620        0x8 c:/program files/microchip/xc32/v4.10/bin/bin/../../lib/gcc/pic32mx/8.3.1/../../../../pic32mx/lib\libpic32.a(vector33.o)
                0x000000009d001620                __vector_dispatch_33
                0x0000000000000001                ASSERT (((_vector_spacing == 0x0) || (SIZEOF (.vector_33) <= (_vector_spacing << 0x5))), function at exception vector 33 too large)

.vector_34      0x000000009d001640        0x8
 *(.vector_34)
 .vector_34     0x000000009d001640        0x8 c:/program files/microchip/xc32/v4.10/bin/bin/../../lib/gcc/pic32mx/8.3.1/../../../../pic32mx/lib\libpic32.a(vector34.o)
                0x000000009d001640                __vector_dispatch_34
                0x0000000000000001                ASSERT (((_vector_spacing == 0x0) || (SIZEOF (.vector_34) <= (_vector_spacing << 0x5))), function at exception vector 34 too large)

.vector_35      0x000000009d001660        0x8
 *(.vector_35)
 .vector_35     0x000000009d001660        0x8 c:/program files/microchip/xc32/v4.10/bin/bin/../../lib/gcc/pic32mx/8.3.1/../../../../pic32mx/lib\libpic32.a(vector35.o)
                0x000000009d001660                __vector_dispatch_35
                0x0000000000000001                ASSERT (((_vector_spacing == 0x0) || (SIZEOF (.vector_35) <= (_vector_spacing << 0x5))), function at exception vector 35 too large)

.vector_36      0x000000009d001680        0x8
 *(.vector_36)
 .vector_36     0x000000009d001680        0x8 c:/program files/microchip/xc32/v4.10/bin/bin/../../lib/gcc/pic32mx/8.3.1/../../../../pic32mx/lib\libpic32.a(vector36.o)
                0x000000009d001680                __vector_dispatch_36
                0x0000000000000001                ASSERT (((_vector_spacing == 0x0) || (SIZEOF (.vector_36) <= (_vector_spacing << 0x5))), function at exception vector 36 too large)

.vector_37      0x000000009d0016a0        0x8
 *(.vector_37)
 .vector_37     0x000000009d0016a0        0x8 c:/program files/microchip/xc32/v4.10/bin/bin/../../lib/gcc/pic32mx/8.3.1/../../../../pic32mx/lib\libpic32.a(vector37.o)
                0x000000009d0016a0                __vector_dispatch_37
                0x0000000000000001                ASSERT (((_vector_spacing == 0x0) || (SIZEOF (.vector_37) <= (_vector_spacing << 0x5))), function at exception vector 37 too large)

.vector_38      0x000000009d0016c0        0x8
 *(.vector_38)
 .vector_38     0x000000009d0016c0        0x8 c:/program files/microchip/xc32/v4.10/bin/bin/../../lib/gcc/pic32mx/8.3.1/../../../../pic32mx/lib\libpic32.a(vector38.o)
                0x000000009d0016c0                __vector_dispatch_38
                0x0000000000000001                ASSERT (((_vector_spacing == 0x0) || (SIZEOF (.vector_38) <= (_vector_spacing << 0x5))), function at exception vector 38 too large)

.vector_39      0x000000009d0016e0        0x8
 *(.vector_39)
 .vector_39     0x000000009d0016e0        0x8 c:/program files/microchip/xc32/v4.10/bin/bin/../../lib/gcc/pic32mx/8.3.1/../../../../pic32mx/lib\libpic32.a(vector39.o)
                0x000000009d0016e0                __vector_dispatch_39
                0x0000000000000001                ASSERT (((_vector_spacing == 0x0) || (SIZEOF (.vector_39) <= (_vector_spacing << 0x5))), function at exception vector 39 too large)

.vector_40      0x000000009d001700        0x8
 *(.vector_40)
 .vector_40     0x000000009d001700        0x8 c:/program files/microchip/xc32/v4.10/bin/bin/../../lib/gcc/pic32mx/8.3.1/../../../../pic32mx/lib\libpic32.a(vector40.o)
                0x000000009d001700                __vector_dispatch_40
                0x0000000000000001                ASSERT (((_vector_spacing == 0x0) || (SIZEOF (.vector_40) <= (_vector_spacing << 0x5))), function at exception vector 40 too large)

.vector_41      0x000000009d001720        0x8
 *(.vector_41)
 .vector_41     0x000000009d001720        0x8 c:/program files/microchip/xc32/v4.10/bin/bin/../../lib/gcc/pic32mx/8.3.1/../../../../pic32mx/lib\libpic32.a(vector41.o)
                0x000000009d001720                __vector_dispatch_41
                0x0000000000000001                ASSERT (((_vector_spacing == 0x0) || (SIZEOF (.vector_41) <= (_vector_spacing << 0x5))), function at exception vector 41 too large)

.vector_42      0x000000009d001740        0x8
 *(.vector_42)
 .vector_42     0x000000009d001740        0x8 c:/program files/microchip/xc32/v4.10/bin/bin/../../lib/gcc/pic32mx/8.3.1/../../../../pic32mx/lib\libpic32.a(vector42.o)
                0x000000009d001740                __vector_dispatch_42
                0x0000000000000001                ASSERT (((_vector_spacing == 0x0) || (SIZEOF (.vector_42) <= (_vector_spacing << 0x5))), function at exception vector 42 too large)

.vector_43      0x000000009d001760        0x8
 *(.vector_43)
 .vector_43     0x000000009d001760        0x8 c:/program files/microchip/xc32/v4.10/bin/bin/../../lib/gcc/pic32mx/8.3.1/../../../../pic32mx/lib\libpic32.a(vector43.o)
                0x000000009d001760                __vector_dispatch_43
                0x0000000000000001                ASSERT (((_vector_spacing == 0x0) || (SIZEOF (.vector_43) <= (_vector_spacing << 0x5))), function at exception vector 43 too large)

.vector_44      0x000000009d001780        0x8
 *(.vector_44)
 .vector_44     0x000000009d001780        0x8 c:/program files/microchip/xc32/v4.10/bin/bin/../../lib/gcc/pic32mx/8.3.1/../../../../pic32mx/lib\libpic32.a(vector44.o)
                0x000000009d001780                __vector_dispatch_44
                0x0000000000000001                ASSERT (((_vector_spacing == 0x0) || (SIZEOF (.vector_44) <= (_vector_spacing << 0x5))), function at exception vector 44 too large)

.vector_45      0x000000009d0017a0        0x0
 *(.vector_45)
                0x0000000000000001                ASSERT (((_vector_spacing == 0x0) || (SIZEOF (.vector_45) <= (_vector_spacing << 0x5))), function at exception vector 45 too large)

.vector_46      0x000000009d0017c0        0x0
 *(.vector_46)
                0x0000000000000001                ASSERT (((_vector_spacing == 0x0) || (SIZEOF (.vector_46) <= (_vector_spacing << 0x5))), function at exception vector 46 too large)

.vector_47      0x000000009d0017e0        0x0
 *(.vector_47)
                0x0000000000000001                ASSERT (((_vector_spacing == 0x0) || (SIZEOF (.vector_47) <= (_vector_spacing << 0x5))), function at exception vector 47 too large)

.vector_48      0x000000009d001800        0x0
 *(.vector_48)
                0x0000000000000001                ASSERT (((_vector_spacing == 0x0) || (SIZEOF (.vector_48) <= (_vector_spacing << 0x5))), function at exception vector 48 too large)

.vector_49      0x000000009d001820        0x0
 *(.vector_49)
                0x0000000000000001                ASSERT (((_vector_spacing == 0x0) || (SIZEOF (.vector_49) <= (_vector_spacing << 0x5))), function at exception vector 49 too large)

.vector_50      0x000000009d001840        0x0
 *(.vector_50)
                0x0000000000000001                ASSERT (((_vector_spacing == 0x0) || (SIZEOF (.vector_50) <= (_vector_spacing << 0x5))), function at exception vector 50 too large)

.vector_51      0x000000009d001860        0x0
 *(.vector_51)
                0x0000000000000001                ASSERT (((_vector_spacing == 0x0) || (SIZEOF (.vector_51) <= (_vector_spacing << 0x5))), function at exception vector 51 too large)

.vector_52      0x000000009d001880        0x0
 *(.vector_52)
                0x0000000000000001                ASSERT (((_vector_spacing == 0x0) || (SIZEOF (.vector_52) <= (_vector_spacing << 0x5))), function at exception vector 52 too large)

.vector_53      0x000000009d0018a0        0x0
 *(.vector_53)
                0x0000000000000001                ASSERT (((_vector_spacing == 0x0) || (SIZEOF (.vector_53) <= (_vector_spacing << 0x5))), function at exception vector 53 too large)

.vector_54      0x000000009d0018c0        0x0
 *(.vector_54)
                0x0000000000000001                ASSERT (((_vector_spacing == 0x0) || (SIZEOF (.vector_54) <= (_vector_spacing << 0x5))), function at exception vector 54 too large)

.vector_55      0x000000009d0018e0        0x0
 *(.vector_55)
                0x0000000000000001                ASSERT (((_vector_spacing == 0x0) || (SIZEOF (.vector_55) <= (_vector_spacing << 0x5))), function at exception vector 55 too large)

.vector_56      0x000000009d001900        0x0
 *(.vector_56)
                0x0000000000000001                ASSERT (((_vector_spacing == 0x0) || (SIZEOF (.vector_56) <= (_vector_spacing << 0x5))), function at exception vector 56 too large)

.vector_57      0x000000009d001920        0x0
 *(.vector_57)
                0x0000000000000001                ASSERT (((_vector_spacing == 0x0) || (SIZEOF (.vector_57) <= (_vector_spacing << 0x5))), function at exception vector 57 too large)

.vector_58      0x000000009d001940        0x0
 *(.vector_58)
                0x0000000000000001                ASSERT (((_vector_spacing == 0x0) || (SIZEOF (.vector_58) <= (_vector_spacing << 0x5))), function at exception vector 58 too large)

.vector_59      0x000000009d001960        0x0
 *(.vector_59)
                0x0000000000000001                ASSERT (((_vector_spacing == 0x0) || (SIZEOF (.vector_59) <= (_vector_spacing << 0x5))), function at exception vector 59 too large)

.vector_60      0x000000009d001980        0x0
 *(.vector_60)
                0x0000000000000001                ASSERT (((_vector_spacing == 0x0) || (SIZEOF (.vector_60) <= (_vector_spacing << 0x5))), function at exception vector 60 too large)

.vector_61      0x000000009d0019a0        0x0
 *(.vector_61)
                0x0000000000000001                ASSERT (((_vector_spacing == 0x0) || (SIZEOF (.vector_61) <= (_vector_spacing << 0x5))), function at exception vector 61 too large)

.vector_62      0x000000009d0019c0        0x0
 *(.vector_62)
                0x0000000000000001                ASSERT (((_vector_spacing == 0x0) || (SIZEOF (.vector_62) <= (_vector_spacing << 0x5))), function at exception vector 62 too large)

.vector_63      0x000000009d0019e0        0x0
 *(.vector_63)
                0x0000000000000001                ASSERT (((_vector_spacing == 0x0) || (SIZEOF (.vector_63) <= (_vector_spacing << 0x5))), function at exception vector 63 too large)

.startup
 *(.startup)

.text           0x000000009d002000        0x0
 *(.stub .gnu.linkonce.t.*)
 *(.text.*personality*)
 *(.mips16.fn.*)
 *(.mips16.call.*)
 *(.gnu.warning)
                0x000000009d002000                . = ALIGN (0x4)

.init           0x000000009d002000        0x0
 *crti.o(.init)
 *crtbegin.o(.init)
 *(EXCLUDE_FILE(*crtn.o *crtend?.o *crtend.o) .init)
 *crtend.o(.init)
 *crtn.o(.init)
                0x000000009d002000                . = ALIGN (0x4)

.fini           0x000000009d002000        0x0
 *(.fini)
                0x000000009d002000                . = ALIGN (0x4)

.preinit_array  0x000000009d002000        0x0
                [!provide]                        PROVIDE (__preinit_array_start = .)
 *(.preinit_array)
                [!provide]                        PROVIDE (__preinit_array_end = .)
                0x000000009d002000                . = ALIGN (0x4)

.init_array     0x000000009d002000        0x0
                [!provide]                        PROVIDE (__init_array_start = .)
 *(SORT_BY_NAME(.init_array.*))
 *(.init_array)
                [!provide]                        PROVIDE (__init_array_end = .)
                0x000000009d002000                . = ALIGN (0x4)

.fini_array     0x000000009d002000        0x0
                [!provide]                        PROVIDE (__fini_array_start = .)
 *(SORT_BY_NAME(.fini_array.*))
 *(.fini_array)
                [!provide]                        PROVIDE (__fini_array_end = .)
                0x000000009d002000                . = ALIGN (0x4)

.ctors          0x000000009d002000        0x0
 *crtbegin.o(.ctors)
 *crtbegin?.o(.ctors)
 *(EXCLUDE_FILE(*crtend?.o *crtend.o) .ctors)
 *(SORT_BY_NAME(.ctors.*))
 *(.ctors)
                0x000000009d002000                . = ALIGN (0x4)

.dtors          0x000000009d002000        0x0
 *crtbegin.o(.dtors)
 *crtbegin?.o(.dtors)
 *(EXCLUDE_FILE(*crtend?.o *crtend.o) .dtors)
 *(SORT_BY_NAME(.dtors.*))
 *(.dtors)
                0x000000009d002000                . = ALIGN (0x4)

.rodata         0x000000009d002000        0x0
 *(.gnu.linkonce.r.*)
 *(.rodata1)
                0x000000009d002000                . = ALIGN (0x4)

.sdata2         0x000000009d002000        0x0
 *(.sdata2 .sdata2.* .gnu.linkonce.s2.*)
                0x000000009d002000                . = ALIGN (0x4)

.sbss2          0x000000009d002000        0x0
 *(.sbss2 .sbss2.* .gnu.linkonce.sb2.*)
                0x000000009d002000                . = ALIGN (0x4)

.eh_frame_hdr
 *(.eh_frame_hdr)
                0x000000009d002000                . = ALIGN (0x4)

.eh_frame
 *(.eh_frame)
                0x000000009d002000                . = ALIGN (0x4)

.gcc_except_table
 *(.gcc_except_table .gcc_except_table.*)
                0x000000009d002000                . = ALIGN (0x4)

.dbg_data       0x00000000a0000000        0x0
                0x00000000a0000000                . = (. + DEFINED (_DEBUGGER)?0x200:0x0)

.jcr            0x00000000a0000000        0x0
 *(.jcr)
                0x00000000a0000000                . = ALIGN (0x4)

.eh_frame
 *(.eh_frame)
                0x00000000a0000000                . = ALIGN (0x4)

.gcc_except_table
 *(.gcc_except_table .gcc_except_table.*)
                0x00000000a0000000                . = ALIGN (0x4)

.persist        0x00000000a0000000        0x0
                0x00000000a0000000                _persist_begin = .
 *(.persist .persist.*)
 *(.pbss .pbss.*)
                0x00000000a0000000                . = ALIGN (0x4)
                0x00000000a0000000                _persist_end = .

.data           0x00000000a0000000        0x0
 *(.gnu.linkonce.d.*)
 *(.data1)
                0x00000000a0000000                . = ALIGN (0x4)
                0x00000000a0000000                . = .
                0x00000000a0007ff0                _gp = (ALIGN (0x10) + 0x7ff0)

.got            0x00000000a0000000        0x0
 *(.got.plt)
 *(.got)
                0x00000000a0000000                . = ALIGN (0x4)

.sdata          0x00000000a0000000        0xc
                0x00000000a0000000                _sdata_begin = .
 *(.sdata .sdata.* .gnu.linkonce.s.*)
 .sdata         0x00000000a0000000        0x4 build/default/production/_ext/1975241074/AD.o
 .sdata         0x00000000a0000004        0x7 build/default/production/_ext/1975241074/RC_Servo.o
                0x00000000a000000c                . = ALIGN (0x4)
 *fill*         0x00000000a000000b        0x1 
                0x00000000a000000c                _sdata_end = .

.lit8
 *(.lit8)

.lit4
 *(.lit4)
                0x00000000a000000c                . = ALIGN (0x4)
                0x00000000a000000c                _data_end = .
                0x00000000a000000c                _bss_begin = .

.sbss           0x00000000a000000c       0xd4
                0x00000000a000000c                _sbss_begin = .
 *(.dynsbss)
 *(.sbss .sbss.* .gnu.linkonce.sb.*)
 .sbss          0x00000000a000000c       0x24 build/default/production/_ext/1975241074/AD.o
 .sbss          0x00000000a0000030        0x8 build/default/production/_ext/1975241074/ES_Framework.o
 .sbss          0x00000000a0000038        0x1 build/default/production/_ext/1975241074/ES_KeyboardInput.o
 .sbss          0x00000000a0000039        0x4 build/default/production/_ext/1975241074/ES_TattleTale.o
 *fill*         0x00000000a000003d        0x3 
 .sbss          0x00000000a0000040       0x30 build/default/production/_ext/1975241074/ES_Timers.o
 .sbss          0x00000000a0000070        0x2 build/default/production/_ext/1975241074/LED.o
 *fill*         0x00000000a0000072        0x2 
 .sbss          0x00000000a0000074       0x12 build/default/production/_ext/1975241074/RC_Servo.o
                0x00000000a0000074                RCenabled
 *fill*         0x00000000a0000086        0x2 
 .sbss          0x00000000a0000088        0xc build/default/production/_ext/1975241074/pwm.o
 .sbss          0x00000000a0000094        0xe build/default/production/_ext/1975241074/serial.o
 *fill*         0x00000000a00000a2        0x2 
 .sbss          0x00000000a00000a4        0x5 build/default/production/DepositSubHSM.o
 .sbss          0x00000000a00000a9        0x2 build/default/production/BumperService.o
 .sbss          0x00000000a00000ab        0x3 build/default/production/TrackWireService.o
 .sbss          0x00000000a00000ae        0x2 build/default/production/TapeService.o
 .sbss          0x00000000a00000b0        0x5 build/default/production/RoboHSM.o
 *fill*         0x00000000a00000b5        0x3 
 .sbss          0x00000000a00000b8        0x8 build/default/production/RoamSubHSM.o
 .sbss          0x00000000a00000c0        0x5 build/default/production/MowerSubHSM.o
 *fill*         0x00000000a00000c5        0x3 
 .sbss          0x00000000a00000c8        0x5 build/default/production/FindDoorSubHSM.o
 *fill*         0x00000000a00000cd        0x3 
 .sbss          0x00000000a00000d0        0xc build/default/production/_ext/1975241074/timers.o
 *(.scommon)
 .scommon       0x00000000a00000dc        0x1 build/default/production/_ext/1975241074/ES_Framework.o
                0x00000000a00000dc                Ready
                0x00000000a00000dd                _sbss_end = .
                0x00000000a00000e0                . = ALIGN (0x4)
 *fill*         0x00000000a00000dd        0x3 

.bss            0x00000000a00000e0        0x0
 *(.dynbss)
 *(COMMON)
                0x00000000a00000e0                . = ALIGN ((. != 0x0)?0x4:0x1)
                0x00000000a00000e0                . = ALIGN (0x4)
                0x00000000a00000e0                _end = .
                0x00000000a00000e0                _bss_end = .
                0x0000000000004000                _bmxdudba_address = LENGTH (kseg1_data_mem)
                0x0000000000004000                _bmxdupba_address = LENGTH (kseg1_data_mem)

/DISCARD/
 *(.pdr)
 *(.rel.dyn)
 *(.note.GNU-stack)
 *(.note.GNU-stack)
 *(.gnu_debuglink)
 *(.gnu.lto_*)
 *(.discard)

.gptab.sdata
 *(.gptab.data)
 *(.gptab.sdata)

.gptab.sbss
 *(.gptab.bss)
 *(.gptab.sbss)

.mdebug.abi32   0x00000000a00000e0        0x0
 *(.mdebug.abi32)
 .mdebug.abi32  0x00000000a00000e0        0x0 build/default/production/_ext/1975241074/AD.o
 .mdebug.abi32  0x00000000a00000e0        0x0 build/default/production/_ext/1975241074/BOARD.o
 .mdebug.abi32  0x00000000a00000e0        0x0 build/default/production/_ext/1975241074/ES_CheckEvents.o
 .mdebug.abi32  0x00000000a00000e0        0x0 build/default/production/_ext/1975241074/ES_Framework.o
 .mdebug.abi32  0x00000000a00000e0        0x0 build/default/production/_ext/1975241074/ES_KeyboardInput.o
 .mdebug.abi32  0x00000000a00000e0        0x0 build/default/production/_ext/1975241074/ES_PostList.o
 .mdebug.abi32  0x00000000a00000e0        0x0 build/default/production/_ext/1975241074/ES_Queue.o
 .mdebug.abi32  0x00000000a00000e0        0x0 build/default/production/_ext/1975241074/ES_TattleTale.o
 .mdebug.abi32  0x00000000a00000e0        0x0 build/default/production/_ext/1975241074/ES_Timers.o
 .mdebug.abi32  0x00000000a00000e0        0x0 build/default/production/_ext/1975241074/IO_Ports.o
 .mdebug.abi32  0x00000000a00000e0        0x0 build/default/production/_ext/1975241074/LED.o
 .mdebug.abi32  0x00000000a00000e0        0x0 build/default/production/_ext/1975241074/RC_Servo.o
 .mdebug.abi32  0x00000000a00000e0        0x0 build/default/production/_ext/1975241074/pwm.o
 .mdebug.abi32  0x00000000a00000e0        0x0 build/default/production/_ext/1975241074/serial.o
 .mdebug.abi32  0x00000000a00000e0        0x0 build/default/production/DepositSubHSM.o
 .mdebug.abi32  0x00000000a00000e0        0x0 build/default/production/BumperService.o
 .mdebug.abi32  0x00000000a00000e0        0x0 build/default/production/TrackWireService.o
 .mdebug.abi32  0x00000000a00000e0        0x0 build/default/production/TapeService.o
 .mdebug.abi32  0x00000000a00000e0        0x0 build/default/production/RobotMain.o
 .mdebug.abi32  0x00000000a00000e0        0x0 build/default/production/RoboHSM.o
 .mdebug.abi32  0x00000000a00000e0        0x0 build/default/production/RoamSubHSM.o
 .mdebug.abi32  0x00000000a00000e0        0x0 build/default/production/MowerSubHSM.o
 .mdebug.abi32  0x00000000a00000e0        0x0 build/default/production/Motors.o
 .mdebug.abi32  0x00000000a00000e0        0x0 build/default/production/FindDoorSubHSM.o
 .mdebug.abi32  0x00000000a00000e0        0x0 build/default/production/_ext/1975241074/timers.o
 .mdebug.abi32  0x00000000a00000e0        0x0 c:/program files/microchip/xc32/v4.10/bin/bin/../../lib/gcc/pic32mx/8.3.1\libgcc.a(floatunsisf.o)
 .mdebug.abi32  0x00000000a00000e0        0x0 c:/program files/microchip/xc32/v4.10/bin/bin/../../lib/gcc/pic32mx/8.3.1/../../../../pic32mx/lib\libpic32.a(default-bootstrap-exception-handler.o)
 .mdebug.abi32  0x00000000a00000e0        0x0 c:/program files/microchip/xc32/v4.10/bin/bin/../../lib/gcc/pic32mx/8.3.1/../../../../pic32mx/lib\libpic32.a(default-on-reset.o)
 .mdebug.abi32  0x00000000a00000e0        0x0 c:/program files/microchip/xc32/v4.10/bin/bin/../../lib/gcc/pic32mx/8.3.1/../../../../pic32mx/lib\libpic32.a(default-on-bootstrap.o)
 .mdebug.abi32  0x00000000a00000e0        0x0 c:/program files/microchip/xc32/v4.10/bin/bin/../../lib/gcc/pic32mx/8.3.1/../../../../pic32mx/lib\libpic32.a(default-general-exception-handler.o)
 .mdebug.abi32  0x00000000a00000e0        0x0 c:/program files/microchip/xc32/v4.10/bin/bin/../../lib/gcc/pic32mx/8.3.1/../../../../pic32mx/lib\libpic32.a(defaultinterrupt.o)
 .mdebug.abi32  0x00000000a00000e0        0x0 c:/program files/microchip/xc32/v4.10/bin/bin/../../lib/gcc/pic32mx/8.3.1/../../../../pic32mx/lib\libc-musl.a(__sio_printf_dosux.o)
 .mdebug.abi32  0x00000000a00000e0        0x0 c:/program files/microchip/xc32/v4.10/bin/bin/../../lib/gcc/pic32mx/8.3.1/../../../../pic32mx/lib\libc-musl.a(__sio_printf_doux.o)
 .mdebug.abi32  0x00000000a00000e0        0x0 c:/program files/microchip/xc32/v4.10/bin/bin/../../lib/gcc/pic32mx/8.3.1/../../../../pic32mx/lib\libc-musl.a(__fmt_d.o)
 .mdebug.abi32  0x00000000a00000e0        0x0 c:/program files/microchip/xc32/v4.10/bin/bin/../../lib/gcc/pic32mx/8.3.1/../../../../pic32mx/lib\libc-musl.a(__fmt_o.o)
 .mdebug.abi32  0x00000000a00000e0        0x0 c:/program files/microchip/xc32/v4.10/bin/bin/../../lib/gcc/pic32mx/8.3.1/../../../../pic32mx/lib\libc-musl.a(__fmt_s.o)
 .mdebug.abi32  0x00000000a00000e0        0x0 c:/program files/microchip/xc32/v4.10/bin/bin/../../lib/gcc/pic32mx/8.3.1/../../../../pic32mx/lib\libc-musl.a(__fmt_u.o)
 .mdebug.abi32  0x00000000a00000e0        0x0 c:/program files/microchip/xc32/v4.10/bin/bin/../../lib/gcc/pic32mx/8.3.1/../../../../pic32mx/lib\libc-musl.a(__fmt_x.o)
 .mdebug.abi32  0x00000000a00000e0        0x0 c:/program files/microchip/xc32/v4.10/bin/bin/../../lib/gcc/pic32mx/8.3.1/../../../../pic32mx/lib\libc-musl.a(__printf_core.o)
 .mdebug.abi32  0x00000000a00000e0        0x0 c:/program files/microchip/xc32/v4.10/bin/bin/../../lib/gcc/pic32mx/8.3.1/../../../../pic32mx/lib\libc-musl.a(stdout.o)
 .mdebug.abi32  0x00000000a00000e0        0x0 c:/program files/microchip/xc32/v4.10/bin/bin/../../lib/gcc/pic32mx/8.3.1/../../../../pic32mx/lib\libc-musl.a(putchar.o)
 .mdebug.abi32  0x00000000a00000e0        0x0 c:/program files/microchip/xc32/v4.10/bin/bin/../../lib/gcc/pic32mx/8.3.1/../../../../pic32mx/lib\libc-musl.a(puts.o)
 .mdebug.abi32  0x00000000a00000e0        0x0 c:/program files/microchip/xc32/v4.10/bin/bin/../../lib/gcc/pic32mx/8.3.1/../../../../pic32mx/lib\libc-musl.a(atoi.o)
 .mdebug.abi32  0x00000000a00000e0        0x0 c:/program files/microchip/xc32/v4.10/bin/bin/../../lib/gcc/pic32mx/8.3.1/../../../../pic32mx/lib\libc-musl.a(memcpy.o)
 .mdebug.abi32  0x00000000a00000e0        0x0 c:/program files/microchip/xc32/v4.10/bin/bin/../../lib/gcc/pic32mx/8.3.1/../../../../pic32mx/lib\libc-musl.a(memset.o)
 .mdebug.abi32  0x00000000a00000e0        0x0 c:/program files/microchip/xc32/v4.10/bin/bin/../../lib/gcc/pic32mx/8.3.1/../../../../pic32mx/lib\libc-musl.a(strlen.o)
 .mdebug.abi32  0x00000000a00000e0        0x0 c:/program files/microchip/xc32/v4.10/bin/bin/../../lib/gcc/pic32mx/8.3.1/../../../../pic32mx/lib\libc-musl.a(tolower.o)
 .mdebug.abi32  0x00000000a00000e0        0x0 c:/program files/microchip/xc32/v4.10/bin/bin/../../lib/gcc/pic32mx/8.3.1/../../../../pic32mx/lib\libc-musl.a(toupper.o)
 .mdebug.abi32  0x00000000a00000e0        0x0 c:/program files/microchip/xc32/v4.10/bin/bin/../../lib/gcc/pic32mx/8.3.1/../../../../pic32mx/lib\libc-musl.a(__int_vfprintf.o)
 .mdebug.abi32  0x00000000a00000e0        0x0 c:/program files/microchip/xc32/v4.10/bin/bin/../../lib/gcc/pic32mx/8.3.1/../../../../pic32mx/lib\libc-musl.a(fputs.o)
 .mdebug.abi32  0x00000000a00000e0        0x0 c:/program files/microchip/xc32/v4.10/bin/bin/../../lib/gcc/pic32mx/8.3.1/../../../../pic32mx/lib\libc-musl.a(__fopen.o)
 .mdebug.abi32  0x00000000a00000e0        0x0 c:/program files/microchip/xc32/v4.10/bin/bin/../../lib/gcc/pic32mx/8.3.1/../../../../pic32mx/lib\libc-musl.a(__io_init_needed.o)
 .mdebug.abi32  0x00000000a00000e0        0x0 c:/program files/microchip/xc32/v4.10/bin/bin/../../lib/gcc/pic32mx/8.3.1/../../../../pic32mx/lib\libc-musl.a(__out.o)
 .mdebug.abi32  0x00000000a00000e0        0x0 c:/program files/microchip/xc32/v4.10/bin/bin/../../lib/gcc/pic32mx/8.3.1/../../../../pic32mx/lib\libc-musl.a(__pop_float.o)
 .mdebug.abi32  0x00000000a00000e0        0x0 c:/program files/microchip/xc32/v4.10/bin/bin/../../lib/gcc/pic32mx/8.3.1/../../../../pic32mx/lib\libc-musl.a(__pop_int.o)
 .mdebug.abi32  0x00000000a00000e0        0x0 c:/program files/microchip/xc32/v4.10/bin/bin/../../lib/gcc/pic32mx/8.3.1/../../../../pic32mx/lib\libc-musl.a(__pop_ptr.o)
 .mdebug.abi32  0x00000000a00000e0        0x0 c:/program files/microchip/xc32/v4.10/bin/bin/../../lib/gcc/pic32mx/8.3.1/../../../../pic32mx/lib\libc-musl.a(__stdio_close.o)
 .mdebug.abi32  0x00000000a00000e0        0x0 c:/program files/microchip/xc32/v4.10/bin/bin/../../lib/gcc/pic32mx/8.3.1/../../../../pic32mx/lib\libc-musl.a(fwrite.o)
 .mdebug.abi32  0x00000000a00000e0        0x0 c:/program files/microchip/xc32/v4.10/bin/bin/../../lib/gcc/pic32mx/8.3.1/../../../../pic32mx/lib\libc-musl.a(putc.o)
 .mdebug.abi32  0x00000000a00000e0        0x0 c:/program files/microchip/xc32/v4.10/bin/bin/../../lib/gcc/pic32mx/8.3.1/../../../../pic32mx/lib\libc-musl.a(malloc.o)
 .mdebug.abi32  0x00000000a00000e0        0x0 c:/program files/microchip/xc32/v4.10/bin/bin/../../lib/gcc/pic32mx/8.3.1/../../../../pic32mx/lib\libc-musl.a(expand_heap.o)
 .mdebug.abi32  0x00000000a00000e0        0x0 c:/program files/microchip/xc32/v4.10/bin/bin/../../lib/gcc/pic32mx/8.3.1/../../../../pic32mx/lib\libc-musl.a(__init_stdio.o)
 .mdebug.abi32  0x00000000a00000e0        0x0 c:/program files/microchip/xc32/v4.10/bin/bin/../../lib/gcc/pic32mx/8.3.1/../../../../pic32mx/lib\libc-musl.a(__io_file_needed.o)
 .mdebug.abi32  0x00000000a00000e0        0x0 c:/program files/microchip/xc32/v4.10/bin/bin/../../lib/gcc/pic32mx/8.3.1/../../../../pic32mx/lib\libc-musl.a(libc.o)
 .mdebug.abi32  0x00000000a00000e0        0x0 c:/program files/microchip/xc32/v4.10/bin/bin/../../lib/gcc/pic32mx/8.3.1\libgcc.a(_lshrdi3.o)
 .mdebug.abi32  0x00000000a00000e0        0x0 c:/program files/microchip/xc32/v4.10/bin/bin/../../lib/gcc/pic32mx/8.3.1\libgcc.a(_ashldi3.o)
 .mdebug.abi32  0x00000000a00000e0        0x0 c:/program files/microchip/xc32/v4.10/bin/bin/../../lib/gcc/pic32mx/8.3.1\libgcc.a(_udivdi3.o)
 .mdebug.abi32  0x00000000a00000e0        0x0 c:/program files/microchip/xc32/v4.10/bin/bin/../../lib/gcc/pic32mx/8.3.1\libgcc.a(_umoddi3.o)
 .mdebug.abi32  0x00000000a00000e0        0x0 c:/program files/microchip/xc32/v4.10/bin/bin/../../lib/gcc/pic32mx/8.3.1/../../../../pic32mx/lib\libpic32.a(sbrk.o)
 .mdebug.abi32  0x00000000a00000e0        0x0 c:/program files/microchip/xc32/v4.10/bin/bin/../../lib/gcc/pic32mx/8.3.1/../../../../pic32mx/lib\libpic32.a(write.o)
 .mdebug.abi32  0x00000000a00000e0        0x0 c:/program files/microchip/xc32/v4.10/bin/bin/../../lib/gcc/pic32mx/8.3.1/../../../../pic32mx/lib\libpic32.a(lseek.o)
 .mdebug.abi32  0x00000000a00000e0        0x0 c:/program files/microchip/xc32/v4.10/bin/bin/../../lib/gcc/pic32mx/8.3.1/../../../../pic32mx/lib\libpic32.a(close.o)
 .mdebug.abi32  0x00000000a00000e0        0x0 c:/program files/microchip/xc32/v4.10/bin/bin/../../lib/gcc/pic32mx/8.3.1/../../../../pic32mx/lib\libpic32.a(errno.o)

.mdebug.abiN32
 *(.mdebug.abiN32)

.mdebug.abi64
 *(.mdebug.abi64)

.mdebug.abiO64
 *(.mdebug.abiO64)

.mdebug.eabi32
 *(.mdebug.eabi32)

.mdebug.eabi64
 *(.mdebug.eabi64)

.gcc_compiled_long32
 *(.gcc_compiled_long32)

.gcc_compiled_long64
 *(.gcc_compiled_long64)

.stab
 *(.stab)

.stabstr
 *(.stabstr)

.stab.excl
 *(.stab.excl)

.stab.exclstr
 *(.stab.exclstr)

.stab.index
 *(.stab.index)

.stab.indexstr
 *(.stab.indexstr)

.comment        0x0000000000000000       0x76
 *(.comment)
 .comment       0x0000000000000000       0x2b build/default/production/_ext/1975241074/AD.o
                                         0x2c (size before relaxing)
 .comment       0x000000000000002b       0x2c build/default/production/_ext/1975241074/BOARD.o
 .comment       0x000000000000002b       0x2c build/default/production/_ext/1975241074/ES_CheckEvents.o
 .comment       0x000000000000002b       0x2c build/default/production/_ext/1975241074/ES_Framework.o
 .comment       0x000000000000002b       0x2c build/default/production/_ext/1975241074/ES_KeyboardInput.o
 .comment       0x000000000000002b       0x2c build/default/production/_ext/1975241074/ES_PostList.o
 .comment       0x000000000000002b       0x2c build/default/production/_ext/1975241074/ES_Queue.o
 .comment       0x000000000000002b       0x2c build/default/production/_ext/1975241074/ES_TattleTale.o
 .comment       0x000000000000002b       0x2c build/default/production/_ext/1975241074/ES_Timers.o
 .comment       0x000000000000002b       0x2c build/default/production/_ext/1975241074/IO_Ports.o
 .comment       0x000000000000002b       0x2c build/default/production/_ext/1975241074/LED.o
 .comment       0x000000000000002b       0x2c build/default/production/_ext/1975241074/RC_Servo.o
 .comment       0x000000000000002b       0x2c build/default/production/_ext/1975241074/pwm.o
 .comment       0x000000000000002b       0x2c build/default/production/_ext/1975241074/serial.o
 .comment       0x000000000000002b       0x2c build/default/production/DepositSubHSM.o
 .comment       0x000000000000002b       0x2c build/default/production/BumperService.o
 .comment       0x000000000000002b       0x2c build/default/production/TrackWireService.o
 .comment       0x000000000000002b       0x2c build/default/production/TapeService.o
 .comment       0x000000000000002b       0x2c build/default/production/RobotMain.o
 .comment       0x000000000000002b       0x2c build/default/production/RoboHSM.o
 .comment       0x000000000000002b       0x2c build/default/production/RoamSubHSM.o
 .comment       0x000000000000002b       0x2c build/default/production/MowerSubHSM.o
 .comment       0x000000000000002b       0x2c build/default/production/Motors.o
 .comment       0x000000000000002b       0x2c build/default/production/FindDoorSubHSM.o
 .comment       0x000000000000002b       0x2c build/default/production/_ext/1975241074/timers.o
 .comment       0x000000000000002b       0x2c c:/program files/microchip/xc32/v4.10/bin/bin/../../lib/gcc/pic32mx/8.3.1\libgcc.a(floatunsisf.o)
 .comment       0x000000000000002b       0x2c c:/program files/microchip/xc32/v4.10/bin/bin/../../lib/gcc/pic32mx/8.3.1/../../../../pic32mx/lib\libpic32.a(default-bootstrap-exception-handler.o)
 .comment       0x000000000000002b       0x2c c:/program files/microchip/xc32/v4.10/bin/bin/../../lib/gcc/pic32mx/8.3.1/../../../../pic32mx/lib\libpic32.a(default-on-reset.o)
 .comment       0x000000000000002b       0x2c c:/program files/microchip/xc32/v4.10/bin/bin/../../lib/gcc/pic32mx/8.3.1/../../../../pic32mx/lib\libpic32.a(default-on-bootstrap.o)
 .comment       0x000000000000002b       0x2c c:/program files/microchip/xc32/v4.10/bin/bin/../../lib/gcc/pic32mx/8.3.1/../../../../pic32mx/lib\libpic32.a(default-general-exception-handler.o)
 .comment       0x000000000000002b       0x2c c:/program files/microchip/xc32/v4.10/bin/bin/../../lib/gcc/pic32mx/8.3.1/../../../../pic32mx/lib\libpic32.a(defaultinterrupt.o)
 .comment       0x000000000000002b       0x2c c:/program files/microchip/xc32/v4.10/bin/bin/../../lib/gcc/pic32mx/8.3.1/../../../../pic32mx/lib\libc-musl.a(__sio_printf_dosux.o)
 .comment       0x000000000000002b       0x2c c:/program files/microchip/xc32/v4.10/bin/bin/../../lib/gcc/pic32mx/8.3.1/../../../../pic32mx/lib\libc-musl.a(__sio_printf_doux.o)
 .comment       0x000000000000002b       0x2c c:/program files/microchip/xc32/v4.10/bin/bin/../../lib/gcc/pic32mx/8.3.1/../../../../pic32mx/lib\libc-musl.a(__fmt_d.o)
 .comment       0x000000000000002b       0x2c c:/program files/microchip/xc32/v4.10/bin/bin/../../lib/gcc/pic32mx/8.3.1/../../../../pic32mx/lib\libc-musl.a(__fmt_o.o)
 .comment       0x000000000000002b       0x2c c:/program files/microchip/xc32/v4.10/bin/bin/../../lib/gcc/pic32mx/8.3.1/../../../../pic32mx/lib\libc-musl.a(__fmt_s.o)
 .comment       0x000000000000002b       0x2c c:/program files/microchip/xc32/v4.10/bin/bin/../../lib/gcc/pic32mx/8.3.1/../../../../pic32mx/lib\libc-musl.a(__fmt_u.o)
 .comment       0x000000000000002b       0x2c c:/program files/microchip/xc32/v4.10/bin/bin/../../lib/gcc/pic32mx/8.3.1/../../../../pic32mx/lib\libc-musl.a(__fmt_x.o)
 .comment       0x000000000000002b       0x2c c:/program files/microchip/xc32/v4.10/bin/bin/../../lib/gcc/pic32mx/8.3.1/../../../../pic32mx/lib\libc-musl.a(__printf_core.o)
 .comment       0x000000000000002b       0x2c c:/program files/microchip/xc32/v4.10/bin/bin/../../lib/gcc/pic32mx/8.3.1/../../../../pic32mx/lib\libc-musl.a(stdout.o)
 .comment       0x000000000000002b       0x2c c:/program files/microchip/xc32/v4.10/bin/bin/../../lib/gcc/pic32mx/8.3.1/../../../../pic32mx/lib\libc-musl.a(putchar.o)
 .comment       0x000000000000002b       0x2c c:/program files/microchip/xc32/v4.10/bin/bin/../../lib/gcc/pic32mx/8.3.1/../../../../pic32mx/lib\libc-musl.a(puts.o)
 .comment       0x000000000000002b       0x2c c:/program files/microchip/xc32/v4.10/bin/bin/../../lib/gcc/pic32mx/8.3.1/../../../../pic32mx/lib\libc-musl.a(atoi.o)
 .comment       0x000000000000002b       0x2c c:/program files/microchip/xc32/v4.10/bin/bin/../../lib/gcc/pic32mx/8.3.1/../../../../pic32mx/lib\libc-musl.a(memcpy.o)
 .comment       0x000000000000002b       0x2c c:/program files/microchip/xc32/v4.10/bin/bin/../../lib/gcc/pic32mx/8.3.1/../../../../pic32mx/lib\libc-musl.a(memset.o)
 .comment       0x000000000000002b       0x2c c:/program files/microchip/xc32/v4.10/bin/bin/../../lib/gcc/pic32mx/8.3.1/../../../../pic32mx/lib\libc-musl.a(strlen.o)
 .comment       0x000000000000002b       0x2c c:/program files/microchip/xc32/v4.10/bin/bin/../../lib/gcc/pic32mx/8.3.1/../../../../pic32mx/lib\libc-musl.a(tolower.o)
 .comment       0x000000000000002b       0x2c c:/program files/microchip/xc32/v4.10/bin/bin/../../lib/gcc/pic32mx/8.3.1/../../../../pic32mx/lib\libc-musl.a(toupper.o)
 .comment       0x000000000000002b       0x2c c:/program files/microchip/xc32/v4.10/bin/bin/../../lib/gcc/pic32mx/8.3.1/../../../../pic32mx/lib\libc-musl.a(__int_vfprintf.o)
 .comment       0x000000000000002b       0x2c c:/program files/microchip/xc32/v4.10/bin/bin/../../lib/gcc/pic32mx/8.3.1/../../../../pic32mx/lib\libc-musl.a(fputs.o)
 .comment       0x000000000000002b       0x2c c:/program files/microchip/xc32/v4.10/bin/bin/../../lib/gcc/pic32mx/8.3.1/../../../../pic32mx/lib\libc-musl.a(__fopen.o)
 .comment       0x000000000000002b       0x2c c:/program files/microchip/xc32/v4.10/bin/bin/../../lib/gcc/pic32mx/8.3.1/../../../../pic32mx/lib\libc-musl.a(__io_init_needed.o)
 .comment       0x000000000000002b       0x2c c:/program files/microchip/xc32/v4.10/bin/bin/../../lib/gcc/pic32mx/8.3.1/../../../../pic32mx/lib\libc-musl.a(__out.o)
 .comment       0x000000000000002b       0x2c c:/program files/microchip/xc32/v4.10/bin/bin/../../lib/gcc/pic32mx/8.3.1/../../../../pic32mx/lib\libc-musl.a(__pop_float.o)
 .comment       0x000000000000002b       0x2c c:/program files/microchip/xc32/v4.10/bin/bin/../../lib/gcc/pic32mx/8.3.1/../../../../pic32mx/lib\libc-musl.a(__pop_int.o)
 .comment       0x000000000000002b       0x2c c:/program files/microchip/xc32/v4.10/bin/bin/../../lib/gcc/pic32mx/8.3.1/../../../../pic32mx/lib\libc-musl.a(__pop_ptr.o)
 .comment       0x000000000000002b       0x2c c:/program files/microchip/xc32/v4.10/bin/bin/../../lib/gcc/pic32mx/8.3.1/../../../../pic32mx/lib\libc-musl.a(__stdio_close.o)
 .comment       0x000000000000002b       0x2c c:/program files/microchip/xc32/v4.10/bin/bin/../../lib/gcc/pic32mx/8.3.1/../../../../pic32mx/lib\libc-musl.a(fwrite.o)
 .comment       0x000000000000002b       0x2c c:/program files/microchip/xc32/v4.10/bin/bin/../../lib/gcc/pic32mx/8.3.1/../../../../pic32mx/lib\libc-musl.a(putc.o)
 .comment       0x000000000000002b       0x2c c:/program files/microchip/xc32/v4.10/bin/bin/../../lib/gcc/pic32mx/8.3.1/../../../../pic32mx/lib\libc-musl.a(malloc.o)
 .comment       0x000000000000002b       0x2c c:/program files/microchip/xc32/v4.10/bin/bin/../../lib/gcc/pic32mx/8.3.1/../../../../pic32mx/lib\libc-musl.a(expand_heap.o)
 .comment       0x000000000000002b       0x2c c:/program files/microchip/xc32/v4.10/bin/bin/../../lib/gcc/pic32mx/8.3.1/../../../../pic32mx/lib\libc-musl.a(__init_stdio.o)
 .comment       0x000000000000002b       0x2c c:/program files/microchip/xc32/v4.10/bin/bin/../../lib/gcc/pic32mx/8.3.1/../../../../pic32mx/lib\libc-musl.a(__io_file_needed.o)
 .comment       0x000000000000002b       0x2c c:/program files/microchip/xc32/v4.10/bin/bin/../../lib/gcc/pic32mx/8.3.1/../../../../pic32mx/lib\libc-musl.a(libc.o)
 .comment       0x000000000000002b       0x2c c:/program files/microchip/xc32/v4.10/bin/bin/../../lib/gcc/pic32mx/8.3.1\libgcc.a(_lshrdi3.o)
 .comment       0x000000000000002b       0x2c c:/program files/microchip/xc32/v4.10/bin/bin/../../lib/gcc/pic32mx/8.3.1\libgcc.a(_ashldi3.o)
 .comment       0x000000000000002b       0x2c c:/program files/microchip/xc32/v4.10/bin/bin/../../lib/gcc/pic32mx/8.3.1\libgcc.a(_udivdi3.o)
 .comment       0x000000000000002b       0x2c c:/program files/microchip/xc32/v4.10/bin/bin/../../lib/gcc/pic32mx/8.3.1\libgcc.a(_umoddi3.o)
 .comment       0x000000000000002b       0x4b c:/program files/microchip/xc32/v4.10/bin/bin/../../lib/gcc/pic32mx/8.3.1/../../../../pic32mx/lib\libpic32.a(sbrk.o)
                                         0x77 (size before relaxing)
 .comment       0x0000000000000076       0x2c c:/program files/microchip/xc32/v4.10/bin/bin/../../lib/gcc/pic32mx/8.3.1/../../../../pic32mx/lib\libpic32.a(write.o)
 .comment       0x0000000000000076       0x2c c:/program files/microchip/xc32/v4.10/bin/bin/../../lib/gcc/pic32mx/8.3.1/../../../../pic32mx/lib\libpic32.a(lseek.o)
 .comment       0x0000000000000076       0x2c c:/program files/microchip/xc32/v4.10/bin/bin/../../lib/gcc/pic32mx/8.3.1/../../../../pic32mx/lib\libpic32.a(close.o)
 .comment       0x0000000000000076       0x2c c:/program files/microchip/xc32/v4.10/bin/bin/../../lib/gcc/pic32mx/8.3.1/../../../../pic32mx/lib\libpic32.a(errno.o)

.debug
 *(.debug)

.line
 *(.line)

.debug_srcinfo
 *(.debug_srcinfo)

.debug_sfnames
 *(.debug_sfnames)

.debug_aranges  0x0000000000000000      0xa08
 *(.debug_aranges)
 .debug_aranges
                0x0000000000000000       0x20 build/default/production/_ext/1975241074/AD.o
 .debug_aranges
                0x0000000000000020       0x20 build/default/production/_ext/1975241074/BOARD.o
 .debug_aranges
                0x0000000000000040       0x20 build/default/production/_ext/1975241074/ES_CheckEvents.o
 .debug_aranges
                0x0000000000000060       0x20 build/default/production/_ext/1975241074/ES_Framework.o
 .debug_aranges
                0x0000000000000080       0x20 build/default/production/_ext/1975241074/ES_KeyboardInput.o
 .debug_aranges
                0x00000000000000a0       0x18 build/default/production/_ext/1975241074/ES_PostList.o
 .debug_aranges
                0x00000000000000b8       0x20 build/default/production/_ext/1975241074/ES_Queue.o
 .debug_aranges
                0x00000000000000d8       0x20 build/default/production/_ext/1975241074/ES_TattleTale.o
 .debug_aranges
                0x00000000000000f8       0x20 build/default/production/_ext/1975241074/ES_Timers.o
 .debug_aranges
                0x0000000000000118       0x20 build/default/production/_ext/1975241074/IO_Ports.o
 .debug_aranges
                0x0000000000000138       0x20 build/default/production/_ext/1975241074/LED.o
 .debug_aranges
                0x0000000000000158       0x20 build/default/production/_ext/1975241074/RC_Servo.o
 .debug_aranges
                0x0000000000000178       0x20 build/default/production/_ext/1975241074/pwm.o
 .debug_aranges
                0x0000000000000198       0x20 build/default/production/_ext/1975241074/serial.o
 .debug_aranges
                0x00000000000001b8       0x20 build/default/production/DepositSubHSM.o
 .debug_aranges
                0x00000000000001d8       0x20 build/default/production/BumperService.o
 .debug_aranges
                0x00000000000001f8       0x20 build/default/production/TrackWireService.o
 .debug_aranges
                0x0000000000000218       0x20 build/default/production/TapeService.o
 .debug_aranges
                0x0000000000000238       0x20 build/default/production/RobotMain.o
 .debug_aranges
                0x0000000000000258       0x20 build/default/production/RoboHSM.o
 .debug_aranges
                0x0000000000000278       0x20 build/default/production/RoamSubHSM.o
 .debug_aranges
                0x0000000000000298       0x20 build/default/production/MowerSubHSM.o
 .debug_aranges
                0x00000000000002b8       0x20 build/default/production/Motors.o
 .debug_aranges
                0x00000000000002d8       0x20 build/default/production/FindDoorSubHSM.o
 .debug_aranges
                0x00000000000002f8       0x20 build/default/production/_ext/1975241074/timers.o
 .debug_aranges
                0x0000000000000318       0x20 c:/program files/microchip/xc32/v4.10/bin/bin/../../lib/gcc/pic32mx/8.3.1\libgcc.a(floatunsisf.o)
 .debug_aranges
                0x0000000000000338       0x20 c:/program files/microchip/xc32/v4.10/bin/bin/../../lib/gcc/pic32mx/8.3.1/../../../../pic32mx/lib\libpic32.a(default-bootstrap-exception-handler.o)
 .debug_aranges
                0x0000000000000358       0x20 c:/program files/microchip/xc32/v4.10/bin/bin/../../lib/gcc/pic32mx/8.3.1/../../../../pic32mx/lib\libpic32.a(default-on-reset.o)
 .debug_aranges
                0x0000000000000378       0x20 c:/program files/microchip/xc32/v4.10/bin/bin/../../lib/gcc/pic32mx/8.3.1/../../../../pic32mx/lib\libpic32.a(default-on-bootstrap.o)
 .debug_aranges
                0x0000000000000398       0x20 c:/program files/microchip/xc32/v4.10/bin/bin/../../lib/gcc/pic32mx/8.3.1/../../../../pic32mx/lib\libpic32.a(default-general-exception-handler.o)
 .debug_aranges
                0x00000000000003b8       0x20 c:/program files/microchip/xc32/v4.10/bin/bin/../../lib/gcc/pic32mx/8.3.1/../../../../pic32mx/lib\libpic32.a(defaultinterrupt.o)
 .debug_aranges
                0x00000000000003d8       0x28 c:/program files/microchip/xc32/v4.10/bin/bin/../../lib/gcc/pic32mx/8.3.1/../../../../pic32mx/lib\libc-musl.a(__sio_printf_dosux.o)
 .debug_aranges
                0x0000000000000400       0x28 c:/program files/microchip/xc32/v4.10/bin/bin/../../lib/gcc/pic32mx/8.3.1/../../../../pic32mx/lib\libc-musl.a(__sio_printf_doux.o)
 .debug_aranges
                0x0000000000000428       0x20 c:/program files/microchip/xc32/v4.10/bin/bin/../../lib/gcc/pic32mx/8.3.1/../../../../pic32mx/lib\libc-musl.a(__fmt_d.o)
 .debug_aranges
                0x0000000000000448       0x20 c:/program files/microchip/xc32/v4.10/bin/bin/../../lib/gcc/pic32mx/8.3.1/../../../../pic32mx/lib\libc-musl.a(__fmt_o.o)
 .debug_aranges
                0x0000000000000468       0x20 c:/program files/microchip/xc32/v4.10/bin/bin/../../lib/gcc/pic32mx/8.3.1/../../../../pic32mx/lib\libc-musl.a(__fmt_s.o)
 .debug_aranges
                0x0000000000000488       0x28 c:/program files/microchip/xc32/v4.10/bin/bin/../../lib/gcc/pic32mx/8.3.1/../../../../pic32mx/lib\libc-musl.a(__fmt_u.o)
 .debug_aranges
                0x00000000000004b0       0x20 c:/program files/microchip/xc32/v4.10/bin/bin/../../lib/gcc/pic32mx/8.3.1/../../../../pic32mx/lib\libc-musl.a(__fmt_x.o)
 .debug_aranges
                0x00000000000004d0       0x50 c:/program files/microchip/xc32/v4.10/bin/bin/../../lib/gcc/pic32mx/8.3.1/../../../../pic32mx/lib\libc-musl.a(__printf_core.o)
 .debug_aranges
                0x0000000000000520       0x28 c:/program files/microchip/xc32/v4.10/bin/bin/../../lib/gcc/pic32mx/8.3.1/../../../../pic32mx/lib\libc-musl.a(stdout.o)
 .debug_aranges
                0x0000000000000548       0x20 c:/program files/microchip/xc32/v4.10/bin/bin/../../lib/gcc/pic32mx/8.3.1/../../../../pic32mx/lib\libc-musl.a(putchar.o)
 .debug_aranges
                0x0000000000000568       0x20 c:/program files/microchip/xc32/v4.10/bin/bin/../../lib/gcc/pic32mx/8.3.1/../../../../pic32mx/lib\libc-musl.a(puts.o)
 .debug_aranges
                0x0000000000000588       0x20 c:/program files/microchip/xc32/v4.10/bin/bin/../../lib/gcc/pic32mx/8.3.1/../../../../pic32mx/lib\libc-musl.a(atoi.o)
 .debug_aranges
                0x00000000000005a8       0x20 c:/program files/microchip/xc32/v4.10/bin/bin/../../lib/gcc/pic32mx/8.3.1/../../../../pic32mx/lib\libc-musl.a(memcpy.o)
 .debug_aranges
                0x00000000000005c8       0x20 c:/program files/microchip/xc32/v4.10/bin/bin/../../lib/gcc/pic32mx/8.3.1/../../../../pic32mx/lib\libc-musl.a(memset.o)
 .debug_aranges
                0x00000000000005e8       0x20 c:/program files/microchip/xc32/v4.10/bin/bin/../../lib/gcc/pic32mx/8.3.1/../../../../pic32mx/lib\libc-musl.a(strlen.o)
 .debug_aranges
                0x0000000000000608       0x28 c:/program files/microchip/xc32/v4.10/bin/bin/../../lib/gcc/pic32mx/8.3.1/../../../../pic32mx/lib\libc-musl.a(tolower.o)
 .debug_aranges
                0x0000000000000630       0x28 c:/program files/microchip/xc32/v4.10/bin/bin/../../lib/gcc/pic32mx/8.3.1/../../../../pic32mx/lib\libc-musl.a(toupper.o)
 .debug_aranges
                0x0000000000000658       0x20 c:/program files/microchip/xc32/v4.10/bin/bin/../../lib/gcc/pic32mx/8.3.1/../../../../pic32mx/lib\libc-musl.a(__int_vfprintf.o)
 .debug_aranges
                0x0000000000000678       0x20 c:/program files/microchip/xc32/v4.10/bin/bin/../../lib/gcc/pic32mx/8.3.1/../../../../pic32mx/lib\libc-musl.a(fputs.o)
 .debug_aranges
                0x0000000000000698       0x30 c:/program files/microchip/xc32/v4.10/bin/bin/../../lib/gcc/pic32mx/8.3.1/../../../../pic32mx/lib\libc-musl.a(__fopen.o)
 .debug_aranges
                0x00000000000006c8       0x28 c:/program files/microchip/xc32/v4.10/bin/bin/../../lib/gcc/pic32mx/8.3.1/../../../../pic32mx/lib\libc-musl.a(__io_init_needed.o)
 .debug_aranges
                0x00000000000006f0       0x28 c:/program files/microchip/xc32/v4.10/bin/bin/../../lib/gcc/pic32mx/8.3.1/../../../../pic32mx/lib\libc-musl.a(__out.o)
 .debug_aranges
                0x0000000000000718       0x20 c:/program files/microchip/xc32/v4.10/bin/bin/../../lib/gcc/pic32mx/8.3.1/../../../../pic32mx/lib\libc-musl.a(__pop_float.o)
 .debug_aranges
                0x0000000000000738       0x20 c:/program files/microchip/xc32/v4.10/bin/bin/../../lib/gcc/pic32mx/8.3.1/../../../../pic32mx/lib\libc-musl.a(__pop_int.o)
 .debug_aranges
                0x0000000000000758       0x20 c:/program files/microchip/xc32/v4.10/bin/bin/../../lib/gcc/pic32mx/8.3.1/../../../../pic32mx/lib\libc-musl.a(__pop_ptr.o)
 .debug_aranges
                0x0000000000000778       0x28 c:/program files/microchip/xc32/v4.10/bin/bin/../../lib/gcc/pic32mx/8.3.1/../../../../pic32mx/lib\libc-musl.a(__stdio_close.o)
 .debug_aranges
                0x00000000000007a0       0x28 c:/program files/microchip/xc32/v4.10/bin/bin/../../lib/gcc/pic32mx/8.3.1/../../../../pic32mx/lib\libc-musl.a(fwrite.o)
 .debug_aranges
                0x00000000000007c8       0x30 c:/program files/microchip/xc32/v4.10/bin/bin/../../lib/gcc/pic32mx/8.3.1/../../../../pic32mx/lib\libc-musl.a(putc.o)
 .debug_aranges
                0x00000000000007f8       0x70 c:/program files/microchip/xc32/v4.10/bin/bin/../../lib/gcc/pic32mx/8.3.1/../../../../pic32mx/lib\libc-musl.a(malloc.o)
 .debug_aranges
                0x0000000000000868       0x20 c:/program files/microchip/xc32/v4.10/bin/bin/../../lib/gcc/pic32mx/8.3.1/../../../../pic32mx/lib\libc-musl.a(expand_heap.o)
 .debug_aranges
                0x0000000000000888       0x28 c:/program files/microchip/xc32/v4.10/bin/bin/../../lib/gcc/pic32mx/8.3.1/../../../../pic32mx/lib\libc-musl.a(__init_stdio.o)
 .debug_aranges
                0x00000000000008b0       0x20 c:/program files/microchip/xc32/v4.10/bin/bin/../../lib/gcc/pic32mx/8.3.1/../../../../pic32mx/lib\libc-musl.a(__io_file_needed.o)
 .debug_aranges
                0x00000000000008d0       0x18 c:/program files/microchip/xc32/v4.10/bin/bin/../../lib/gcc/pic32mx/8.3.1/../../../../pic32mx/lib\libc-musl.a(libc.o)
 .debug_aranges
                0x00000000000008e8       0x20 c:/program files/microchip/xc32/v4.10/bin/bin/../../lib/gcc/pic32mx/8.3.1\libgcc.a(_lshrdi3.o)
 .debug_aranges
                0x0000000000000908       0x20 c:/program files/microchip/xc32/v4.10/bin/bin/../../lib/gcc/pic32mx/8.3.1\libgcc.a(_ashldi3.o)
 .debug_aranges
                0x0000000000000928       0x20 c:/program files/microchip/xc32/v4.10/bin/bin/../../lib/gcc/pic32mx/8.3.1\libgcc.a(_udivdi3.o)
 .debug_aranges
                0x0000000000000948       0x20 c:/program files/microchip/xc32/v4.10/bin/bin/../../lib/gcc/pic32mx/8.3.1\libgcc.a(_umoddi3.o)
 .debug_aranges
                0x0000000000000968       0x40 c:/program files/microchip/xc32/v4.10/bin/bin/../../lib/gcc/pic32mx/8.3.1/../../../../pic32mx/lib\libpic32.a(sbrk.o)
 .debug_aranges
                0x00000000000009a8       0x20 c:/program files/microchip/xc32/v4.10/bin/bin/../../lib/gcc/pic32mx/8.3.1/../../../../pic32mx/lib\libpic32.a(write.o)
 .debug_aranges
                0x00000000000009c8       0x20 c:/program files/microchip/xc32/v4.10/bin/bin/../../lib/gcc/pic32mx/8.3.1/../../../../pic32mx/lib\libpic32.a(lseek.o)
 .debug_aranges
                0x00000000000009e8       0x20 c:/program files/microchip/xc32/v4.10/bin/bin/../../lib/gcc/pic32mx/8.3.1/../../../../pic32mx/lib\libpic32.a(close.o)

.debug_pubnames
 *(.debug_pubnames)

.debug_info     0x0000000000000000    0x10481
 *(.debug_info .gnu.linkonce.wi.*)
 .debug_info    0x0000000000000000      0xcc6 build/default/production/_ext/1975241074/AD.o
 .debug_info    0x0000000000000cc6      0x197 build/default/production/_ext/1975241074/BOARD.o
 .debug_info    0x0000000000000e5d      0x14b build/default/production/_ext/1975241074/ES_CheckEvents.o
 .debug_info    0x0000000000000fa8      0x4ee build/default/production/_ext/1975241074/ES_Framework.o
 .debug_info    0x0000000000001496      0x280 build/default/production/_ext/1975241074/ES_KeyboardInput.o
 .debug_info    0x0000000000001716       0x91 build/default/production/_ext/1975241074/ES_PostList.o
 .debug_info    0x00000000000017a7      0x328 build/default/production/_ext/1975241074/ES_Queue.o
 .debug_info    0x0000000000001acf      0x324 build/default/production/_ext/1975241074/ES_TattleTale.o
 .debug_info    0x0000000000001df3      0xb42 build/default/production/_ext/1975241074/ES_Timers.o
 .debug_info    0x0000000000002935      0xcba build/default/production/_ext/1975241074/IO_Ports.o
 .debug_info    0x00000000000035ef      0xa5c build/default/production/_ext/1975241074/LED.o
 .debug_info    0x000000000000404b      0xcc2 build/default/production/_ext/1975241074/RC_Servo.o
 .debug_info    0x0000000000004d0d      0x580 build/default/production/_ext/1975241074/pwm.o
 .debug_info    0x000000000000528d      0xcef build/default/production/_ext/1975241074/serial.o
 .debug_info    0x0000000000005f7c      0x2b7 build/default/production/DepositSubHSM.o
 .debug_info    0x0000000000006233      0x891 build/default/production/BumperService.o
 .debug_info    0x0000000000006ac4      0x29a build/default/production/TrackWireService.o
 .debug_info    0x0000000000006d5e      0x75d build/default/production/TapeService.o
 .debug_info    0x00000000000074bb      0x112 build/default/production/RobotMain.o
 .debug_info    0x00000000000075cd      0x2e4 build/default/production/RoboHSM.o
 .debug_info    0x00000000000078b1      0x710 build/default/production/RoamSubHSM.o
 .debug_info    0x0000000000007fc1      0x2bd build/default/production/MowerSubHSM.o
 .debug_info    0x000000000000827e      0x5cb build/default/production/Motors.o
 .debug_info    0x0000000000008849      0x5e4 build/default/production/FindDoorSubHSM.o
 .debug_info    0x0000000000008e2d      0x9d8 build/default/production/_ext/1975241074/timers.o
 .debug_info    0x0000000000009805       0x9d c:/program files/microchip/xc32/v4.10/bin/bin/../../lib/gcc/pic32mx/8.3.1\libgcc.a(floatunsisf.o)
 .debug_info    0x00000000000098a2       0x41 c:/program files/microchip/xc32/v4.10/bin/bin/../../lib/gcc/pic32mx/8.3.1/../../../../pic32mx/lib\libpic32.a(default-bootstrap-exception-handler.o)
 .debug_info    0x00000000000098e3       0x3f c:/program files/microchip/xc32/v4.10/bin/bin/../../lib/gcc/pic32mx/8.3.1/../../../../pic32mx/lib\libpic32.a(default-on-reset.o)
 .debug_info    0x0000000000009922       0x3f c:/program files/microchip/xc32/v4.10/bin/bin/../../lib/gcc/pic32mx/8.3.1/../../../../pic32mx/lib\libpic32.a(default-on-bootstrap.o)
 .debug_info    0x0000000000009961       0x41 c:/program files/microchip/xc32/v4.10/bin/bin/../../lib/gcc/pic32mx/8.3.1/../../../../pic32mx/lib\libpic32.a(default-general-exception-handler.o)
 .debug_info    0x00000000000099a2       0x40 c:/program files/microchip/xc32/v4.10/bin/bin/../../lib/gcc/pic32mx/8.3.1/../../../../pic32mx/lib\libpic32.a(defaultinterrupt.o)
 .debug_info    0x00000000000099e2      0x1cc c:/program files/microchip/xc32/v4.10/bin/bin/../../lib/gcc/pic32mx/8.3.1/../../../../pic32mx/lib\libc-musl.a(__sio_printf_dosux.o)
 .debug_info    0x0000000000009bae      0x1cc c:/program files/microchip/xc32/v4.10/bin/bin/../../lib/gcc/pic32mx/8.3.1/../../../../pic32mx/lib\libc-musl.a(__sio_printf_doux.o)
 .debug_info    0x0000000000009d7a      0x327 c:/program files/microchip/xc32/v4.10/bin/bin/../../lib/gcc/pic32mx/8.3.1/../../../../pic32mx/lib\libc-musl.a(__fmt_d.o)
 .debug_info    0x000000000000a0a1      0x2f8 c:/program files/microchip/xc32/v4.10/bin/bin/../../lib/gcc/pic32mx/8.3.1/../../../../pic32mx/lib\libc-musl.a(__fmt_o.o)
 .debug_info    0x000000000000a399      0x2a9 c:/program files/microchip/xc32/v4.10/bin/bin/../../lib/gcc/pic32mx/8.3.1/../../../../pic32mx/lib\libc-musl.a(__fmt_s.o)
 .debug_info    0x000000000000a642      0x3cb c:/program files/microchip/xc32/v4.10/bin/bin/../../lib/gcc/pic32mx/8.3.1/../../../../pic32mx/lib\libc-musl.a(__fmt_u.o)
 .debug_info    0x000000000000aa0d      0x322 c:/program files/microchip/xc32/v4.10/bin/bin/../../lib/gcc/pic32mx/8.3.1/../../../../pic32mx/lib\libc-musl.a(__fmt_x.o)
 .debug_info    0x000000000000ad2f      0x9ee c:/program files/microchip/xc32/v4.10/bin/bin/../../lib/gcc/pic32mx/8.3.1/../../../../pic32mx/lib\libc-musl.a(__printf_core.o)
 .debug_info    0x000000000000b71d      0x3ca c:/program files/microchip/xc32/v4.10/bin/bin/../../lib/gcc/pic32mx/8.3.1/../../../../pic32mx/lib\libc-musl.a(stdout.o)
 .debug_info    0x000000000000bae7       0xce c:/program files/microchip/xc32/v4.10/bin/bin/../../lib/gcc/pic32mx/8.3.1/../../../../pic32mx/lib\libc-musl.a(putchar.o)
 .debug_info    0x000000000000bbb5      0x3a4 c:/program files/microchip/xc32/v4.10/bin/bin/../../lib/gcc/pic32mx/8.3.1/../../../../pic32mx/lib\libc-musl.a(puts.o)
 .debug_info    0x000000000000bf59       0xee c:/program files/microchip/xc32/v4.10/bin/bin/../../lib/gcc/pic32mx/8.3.1/../../../../pic32mx/lib\libc-musl.a(atoi.o)
 .debug_info    0x000000000000c047       0xf1 c:/program files/microchip/xc32/v4.10/bin/bin/../../lib/gcc/pic32mx/8.3.1/../../../../pic32mx/lib\libc-musl.a(memcpy.o)
 .debug_info    0x000000000000c138       0xba c:/program files/microchip/xc32/v4.10/bin/bin/../../lib/gcc/pic32mx/8.3.1/../../../../pic32mx/lib\libc-musl.a(memset.o)
 .debug_info    0x000000000000c1f2       0xa3 c:/program files/microchip/xc32/v4.10/bin/bin/../../lib/gcc/pic32mx/8.3.1/../../../../pic32mx/lib\libc-musl.a(strlen.o)
 .debug_info    0x000000000000c295      0x11b c:/program files/microchip/xc32/v4.10/bin/bin/../../lib/gcc/pic32mx/8.3.1/../../../../pic32mx/lib\libc-musl.a(tolower.o)
 .debug_info    0x000000000000c3b0      0x11b c:/program files/microchip/xc32/v4.10/bin/bin/../../lib/gcc/pic32mx/8.3.1/../../../../pic32mx/lib\libc-musl.a(toupper.o)
 .debug_info    0x000000000000c4cb      0x1e0 c:/program files/microchip/xc32/v4.10/bin/bin/../../lib/gcc/pic32mx/8.3.1/../../../../pic32mx/lib\libc-musl.a(__int_vfprintf.o)
 .debug_info    0x000000000000c6ab      0x3ae c:/program files/microchip/xc32/v4.10/bin/bin/../../lib/gcc/pic32mx/8.3.1/../../../../pic32mx/lib\libc-musl.a(fputs.o)
 .debug_info    0x000000000000ca59      0x2d7 c:/program files/microchip/xc32/v4.10/bin/bin/../../lib/gcc/pic32mx/8.3.1/../../../../pic32mx/lib\libc-musl.a(__fopen.o)
 .debug_info    0x000000000000cd30       0xdf c:/program files/microchip/xc32/v4.10/bin/bin/../../lib/gcc/pic32mx/8.3.1/../../../../pic32mx/lib\libc-musl.a(__io_init_needed.o)
 .debug_info    0x000000000000ce0f      0x29f c:/program files/microchip/xc32/v4.10/bin/bin/../../lib/gcc/pic32mx/8.3.1/../../../../pic32mx/lib\libc-musl.a(__out.o)
 .debug_info    0x000000000000d0ae      0x134 c:/program files/microchip/xc32/v4.10/bin/bin/../../lib/gcc/pic32mx/8.3.1/../../../../pic32mx/lib\libc-musl.a(__pop_float.o)
 .debug_info    0x000000000000d1e2      0x14e c:/program files/microchip/xc32/v4.10/bin/bin/../../lib/gcc/pic32mx/8.3.1/../../../../pic32mx/lib\libc-musl.a(__pop_int.o)
 .debug_info    0x000000000000d330      0x15e c:/program files/microchip/xc32/v4.10/bin/bin/../../lib/gcc/pic32mx/8.3.1/../../../../pic32mx/lib\libc-musl.a(__pop_ptr.o)
 .debug_info    0x000000000000d48e      0x3f4 c:/program files/microchip/xc32/v4.10/bin/bin/../../lib/gcc/pic32mx/8.3.1/../../../../pic32mx/lib\libc-musl.a(__stdio_close.o)
 .debug_info    0x000000000000d882      0x24c c:/program files/microchip/xc32/v4.10/bin/bin/../../lib/gcc/pic32mx/8.3.1/../../../../pic32mx/lib\libc-musl.a(fwrite.o)
 .debug_info    0x000000000000dace      0x217 c:/program files/microchip/xc32/v4.10/bin/bin/../../lib/gcc/pic32mx/8.3.1/../../../../pic32mx/lib\libc-musl.a(putc.o)
 .debug_info    0x000000000000dce5      0xfed c:/program files/microchip/xc32/v4.10/bin/bin/../../lib/gcc/pic32mx/8.3.1/../../../../pic32mx/lib\libc-musl.a(malloc.o)
 .debug_info    0x000000000000ecd2      0x105 c:/program files/microchip/xc32/v4.10/bin/bin/../../lib/gcc/pic32mx/8.3.1/../../../../pic32mx/lib\libc-musl.a(expand_heap.o)
 .debug_info    0x000000000000edd7       0xb9 c:/program files/microchip/xc32/v4.10/bin/bin/../../lib/gcc/pic32mx/8.3.1/../../../../pic32mx/lib\libc-musl.a(__init_stdio.o)
 .debug_info    0x000000000000ee90       0xaf c:/program files/microchip/xc32/v4.10/bin/bin/../../lib/gcc/pic32mx/8.3.1/../../../../pic32mx/lib\libc-musl.a(__io_file_needed.o)
 .debug_info    0x000000000000ef3f      0x276 c:/program files/microchip/xc32/v4.10/bin/bin/../../lib/gcc/pic32mx/8.3.1/../../../../pic32mx/lib\libc-musl.a(libc.o)
 .debug_info    0x000000000000f1b5      0x1aa c:/program files/microchip/xc32/v4.10/bin/bin/../../lib/gcc/pic32mx/8.3.1\libgcc.a(_lshrdi3.o)
 .debug_info    0x000000000000f35f      0x1aa c:/program files/microchip/xc32/v4.10/bin/bin/../../lib/gcc/pic32mx/8.3.1\libgcc.a(_ashldi3.o)
 .debug_info    0x000000000000f509      0x6ca c:/program files/microchip/xc32/v4.10/bin/bin/../../lib/gcc/pic32mx/8.3.1\libgcc.a(_udivdi3.o)
 .debug_info    0x000000000000fbd3      0x742 c:/program files/microchip/xc32/v4.10/bin/bin/../../lib/gcc/pic32mx/8.3.1\libgcc.a(_umoddi3.o)
 .debug_info    0x0000000000010315       0xae c:/program files/microchip/xc32/v4.10/bin/bin/../../lib/gcc/pic32mx/8.3.1/../../../../pic32mx/lib\libpic32.a(sbrk.o)
 .debug_info    0x00000000000103c3       0x40 c:/program files/microchip/xc32/v4.10/bin/bin/../../lib/gcc/pic32mx/8.3.1/../../../../pic32mx/lib\libpic32.a(write.o)
 .debug_info    0x0000000000010403       0x3f c:/program files/microchip/xc32/v4.10/bin/bin/../../lib/gcc/pic32mx/8.3.1/../../../../pic32mx/lib\libpic32.a(lseek.o)
 .debug_info    0x0000000000010442       0x3f c:/program files/microchip/xc32/v4.10/bin/bin/../../lib/gcc/pic32mx/8.3.1/../../../../pic32mx/lib\libpic32.a(close.o)

.debug_abbrev   0x0000000000000000     0x5377
 *(.debug_abbrev)
 .debug_abbrev  0x0000000000000000      0x1f1 build/default/production/_ext/1975241074/AD.o
 .debug_abbrev  0x00000000000001f1       0xbf build/default/production/_ext/1975241074/BOARD.o
 .debug_abbrev  0x00000000000002b0       0xc9 build/default/production/_ext/1975241074/ES_CheckEvents.o
 .debug_abbrev  0x0000000000000379      0x1b6 build/default/production/_ext/1975241074/ES_Framework.o
 .debug_abbrev  0x000000000000052f      0x151 build/default/production/_ext/1975241074/ES_KeyboardInput.o
 .debug_abbrev  0x0000000000000680       0x59 build/default/production/_ext/1975241074/ES_PostList.o
 .debug_abbrev  0x00000000000006d9      0x128 build/default/production/_ext/1975241074/ES_Queue.o
 .debug_abbrev  0x0000000000000801      0x15a build/default/production/_ext/1975241074/ES_TattleTale.o
 .debug_abbrev  0x000000000000095b      0x256 build/default/production/_ext/1975241074/ES_Timers.o
 .debug_abbrev  0x0000000000000bb1      0x1fc build/default/production/_ext/1975241074/IO_Ports.o
 .debug_abbrev  0x0000000000000dad      0x238 build/default/production/_ext/1975241074/LED.o
 .debug_abbrev  0x0000000000000fe5      0x256 build/default/production/_ext/1975241074/RC_Servo.o
 .debug_abbrev  0x000000000000123b      0x1e3 build/default/production/_ext/1975241074/pwm.o
 .debug_abbrev  0x000000000000141e      0x213 build/default/production/_ext/1975241074/serial.o
 .debug_abbrev  0x0000000000001631      0x126 build/default/production/DepositSubHSM.o
 .debug_abbrev  0x0000000000001757      0x189 build/default/production/BumperService.o
 .debug_abbrev  0x00000000000018e0      0x119 build/default/production/TrackWireService.o
 .debug_abbrev  0x00000000000019f9      0x189 build/default/production/TapeService.o
 .debug_abbrev  0x0000000000001b82       0xa2 build/default/production/RobotMain.o
 .debug_abbrev  0x0000000000001c24      0x126 build/default/production/RoboHSM.o
 .debug_abbrev  0x0000000000001d4a      0x196 build/default/production/RoamSubHSM.o
 .debug_abbrev  0x0000000000001ee0      0x126 build/default/production/MowerSubHSM.o
 .debug_abbrev  0x0000000000002006      0x16a build/default/production/Motors.o
 .debug_abbrev  0x0000000000002170      0x196 build/default/production/FindDoorSubHSM.o
 .debug_abbrev  0x0000000000002306      0x193 build/default/production/_ext/1975241074/timers.o
 .debug_abbrev  0x0000000000002499       0x7d c:/program files/microchip/xc32/v4.10/bin/bin/../../lib/gcc/pic32mx/8.3.1\libgcc.a(floatunsisf.o)
 .debug_abbrev  0x0000000000002516       0x31 c:/program files/microchip/xc32/v4.10/bin/bin/../../lib/gcc/pic32mx/8.3.1/../../../../pic32mx/lib\libpic32.a(default-bootstrap-exception-handler.o)
 .debug_abbrev  0x0000000000002547       0x2e c:/program files/microchip/xc32/v4.10/bin/bin/../../lib/gcc/pic32mx/8.3.1/../../../../pic32mx/lib\libpic32.a(default-on-reset.o)
 .debug_abbrev  0x0000000000002575       0x2e c:/program files/microchip/xc32/v4.10/bin/bin/../../lib/gcc/pic32mx/8.3.1/../../../../pic32mx/lib\libpic32.a(default-on-bootstrap.o)
 .debug_abbrev  0x00000000000025a3       0x31 c:/program files/microchip/xc32/v4.10/bin/bin/../../lib/gcc/pic32mx/8.3.1/../../../../pic32mx/lib\libpic32.a(default-general-exception-handler.o)
 .debug_abbrev  0x00000000000025d4       0x31 c:/program files/microchip/xc32/v4.10/bin/bin/../../lib/gcc/pic32mx/8.3.1/../../../../pic32mx/lib\libpic32.a(defaultinterrupt.o)
 .debug_abbrev  0x0000000000002605      0x12b c:/program files/microchip/xc32/v4.10/bin/bin/../../lib/gcc/pic32mx/8.3.1/../../../../pic32mx/lib\libc-musl.a(__sio_printf_dosux.o)
 .debug_abbrev  0x0000000000002730      0x12b c:/program files/microchip/xc32/v4.10/bin/bin/../../lib/gcc/pic32mx/8.3.1/../../../../pic32mx/lib\libc-musl.a(__sio_printf_doux.o)
 .debug_abbrev  0x000000000000285b      0x161 c:/program files/microchip/xc32/v4.10/bin/bin/../../lib/gcc/pic32mx/8.3.1/../../../../pic32mx/lib\libc-musl.a(__fmt_d.o)
 .debug_abbrev  0x00000000000029bc      0x161 c:/program files/microchip/xc32/v4.10/bin/bin/../../lib/gcc/pic32mx/8.3.1/../../../../pic32mx/lib\libc-musl.a(__fmt_o.o)
 .debug_abbrev  0x0000000000002b1d      0x14c c:/program files/microchip/xc32/v4.10/bin/bin/../../lib/gcc/pic32mx/8.3.1/../../../../pic32mx/lib\libc-musl.a(__fmt_s.o)
 .debug_abbrev  0x0000000000002c69      0x193 c:/program files/microchip/xc32/v4.10/bin/bin/../../lib/gcc/pic32mx/8.3.1/../../../../pic32mx/lib\libc-musl.a(__fmt_u.o)
 .debug_abbrev  0x0000000000002dfc      0x150 c:/program files/microchip/xc32/v4.10/bin/bin/../../lib/gcc/pic32mx/8.3.1/../../../../pic32mx/lib\libc-musl.a(__fmt_x.o)
 .debug_abbrev  0x0000000000002f4c      0x318 c:/program files/microchip/xc32/v4.10/bin/bin/../../lib/gcc/pic32mx/8.3.1/../../../../pic32mx/lib\libc-musl.a(__printf_core.o)
 .debug_abbrev  0x0000000000003264      0x17f c:/program files/microchip/xc32/v4.10/bin/bin/../../lib/gcc/pic32mx/8.3.1/../../../../pic32mx/lib\libc-musl.a(stdout.o)
 .debug_abbrev  0x00000000000033e3       0xc4 c:/program files/microchip/xc32/v4.10/bin/bin/../../lib/gcc/pic32mx/8.3.1/../../../../pic32mx/lib\libc-musl.a(putchar.o)
 .debug_abbrev  0x00000000000034a7      0x159 c:/program files/microchip/xc32/v4.10/bin/bin/../../lib/gcc/pic32mx/8.3.1/../../../../pic32mx/lib\libc-musl.a(puts.o)
 .debug_abbrev  0x0000000000003600       0xc4 c:/program files/microchip/xc32/v4.10/bin/bin/../../lib/gcc/pic32mx/8.3.1/../../../../pic32mx/lib\libc-musl.a(atoi.o)
 .debug_abbrev  0x00000000000036c4       0xbb c:/program files/microchip/xc32/v4.10/bin/bin/../../lib/gcc/pic32mx/8.3.1/../../../../pic32mx/lib\libc-musl.a(memcpy.o)
 .debug_abbrev  0x000000000000377f       0xa2 c:/program files/microchip/xc32/v4.10/bin/bin/../../lib/gcc/pic32mx/8.3.1/../../../../pic32mx/lib\libc-musl.a(memset.o)
 .debug_abbrev  0x0000000000003821       0x91 c:/program files/microchip/xc32/v4.10/bin/bin/../../lib/gcc/pic32mx/8.3.1/../../../../pic32mx/lib\libc-musl.a(strlen.o)
 .debug_abbrev  0x00000000000038b2       0xf1 c:/program files/microchip/xc32/v4.10/bin/bin/../../lib/gcc/pic32mx/8.3.1/../../../../pic32mx/lib\libc-musl.a(tolower.o)
 .debug_abbrev  0x00000000000039a3       0xf1 c:/program files/microchip/xc32/v4.10/bin/bin/../../lib/gcc/pic32mx/8.3.1/../../../../pic32mx/lib\libc-musl.a(toupper.o)
 .debug_abbrev  0x0000000000003a94      0x118 c:/program files/microchip/xc32/v4.10/bin/bin/../../lib/gcc/pic32mx/8.3.1/../../../../pic32mx/lib\libc-musl.a(__int_vfprintf.o)
 .debug_abbrev  0x0000000000003bac      0x146 c:/program files/microchip/xc32/v4.10/bin/bin/../../lib/gcc/pic32mx/8.3.1/../../../../pic32mx/lib\libc-musl.a(fputs.o)
 .debug_abbrev  0x0000000000003cf2      0x168 c:/program files/microchip/xc32/v4.10/bin/bin/../../lib/gcc/pic32mx/8.3.1/../../../../pic32mx/lib\libc-musl.a(__fopen.o)
 .debug_abbrev  0x0000000000003e5a       0x81 c:/program files/microchip/xc32/v4.10/bin/bin/../../lib/gcc/pic32mx/8.3.1/../../../../pic32mx/lib\libc-musl.a(__io_init_needed.o)
 .debug_abbrev  0x0000000000003edb      0x17a c:/program files/microchip/xc32/v4.10/bin/bin/../../lib/gcc/pic32mx/8.3.1/../../../../pic32mx/lib\libc-musl.a(__out.o)
 .debug_abbrev  0x0000000000004055       0xc3 c:/program files/microchip/xc32/v4.10/bin/bin/../../lib/gcc/pic32mx/8.3.1/../../../../pic32mx/lib\libc-musl.a(__pop_float.o)
 .debug_abbrev  0x0000000000004118       0xc3 c:/program files/microchip/xc32/v4.10/bin/bin/../../lib/gcc/pic32mx/8.3.1/../../../../pic32mx/lib\libc-musl.a(__pop_int.o)
 .debug_abbrev  0x00000000000041db       0xd7 c:/program files/microchip/xc32/v4.10/bin/bin/../../lib/gcc/pic32mx/8.3.1/../../../../pic32mx/lib\libc-musl.a(__pop_ptr.o)
 .debug_abbrev  0x00000000000042b2      0x14f c:/program files/microchip/xc32/v4.10/bin/bin/../../lib/gcc/pic32mx/8.3.1/../../../../pic32mx/lib\libc-musl.a(__stdio_close.o)
 .debug_abbrev  0x0000000000004401      0x13c c:/program files/microchip/xc32/v4.10/bin/bin/../../lib/gcc/pic32mx/8.3.1/../../../../pic32mx/lib\libc-musl.a(fwrite.o)
 .debug_abbrev  0x000000000000453d      0x122 c:/program files/microchip/xc32/v4.10/bin/bin/../../lib/gcc/pic32mx/8.3.1/../../../../pic32mx/lib\libc-musl.a(putc.o)
 .debug_abbrev  0x000000000000465f      0x43a c:/program files/microchip/xc32/v4.10/bin/bin/../../lib/gcc/pic32mx/8.3.1/../../../../pic32mx/lib\libc-musl.a(malloc.o)
 .debug_abbrev  0x0000000000004a99       0xc4 c:/program files/microchip/xc32/v4.10/bin/bin/../../lib/gcc/pic32mx/8.3.1/../../../../pic32mx/lib\libc-musl.a(expand_heap.o)
 .debug_abbrev  0x0000000000004b5d       0x65 c:/program files/microchip/xc32/v4.10/bin/bin/../../lib/gcc/pic32mx/8.3.1/../../../../pic32mx/lib\libc-musl.a(__init_stdio.o)
 .debug_abbrev  0x0000000000004bc2       0x67 c:/program files/microchip/xc32/v4.10/bin/bin/../../lib/gcc/pic32mx/8.3.1/../../../../pic32mx/lib\libc-musl.a(__io_file_needed.o)
 .debug_abbrev  0x0000000000004c29       0xd4 c:/program files/microchip/xc32/v4.10/bin/bin/../../lib/gcc/pic32mx/8.3.1/../../../../pic32mx/lib\libc-musl.a(libc.o)
 .debug_abbrev  0x0000000000004cfd      0x121 c:/program files/microchip/xc32/v4.10/bin/bin/../../lib/gcc/pic32mx/8.3.1\libgcc.a(_lshrdi3.o)
 .debug_abbrev  0x0000000000004e1e      0x121 c:/program files/microchip/xc32/v4.10/bin/bin/../../lib/gcc/pic32mx/8.3.1\libgcc.a(_ashldi3.o)
 .debug_abbrev  0x0000000000004f3f      0x184 c:/program files/microchip/xc32/v4.10/bin/bin/../../lib/gcc/pic32mx/8.3.1\libgcc.a(_udivdi3.o)
 .debug_abbrev  0x00000000000050c3      0x19a c:/program files/microchip/xc32/v4.10/bin/bin/../../lib/gcc/pic32mx/8.3.1\libgcc.a(_umoddi3.o)
 .debug_abbrev  0x000000000000525d       0x90 c:/program files/microchip/xc32/v4.10/bin/bin/../../lib/gcc/pic32mx/8.3.1/../../../../pic32mx/lib\libpic32.a(sbrk.o)
 .debug_abbrev  0x00000000000052ed       0x2e c:/program files/microchip/xc32/v4.10/bin/bin/../../lib/gcc/pic32mx/8.3.1/../../../../pic32mx/lib\libpic32.a(write.o)
 .debug_abbrev  0x000000000000531b       0x2e c:/program files/microchip/xc32/v4.10/bin/bin/../../lib/gcc/pic32mx/8.3.1/../../../../pic32mx/lib\libpic32.a(lseek.o)
 .debug_abbrev  0x0000000000005349       0x2e c:/program files/microchip/xc32/v4.10/bin/bin/../../lib/gcc/pic32mx/8.3.1/../../../../pic32mx/lib\libpic32.a(close.o)

.debug_line     0x0000000000000000     0x9ded
 *(.debug_line)
 .debug_line    0x0000000000000000      0x3ea build/default/production/_ext/1975241074/AD.o
 .debug_line    0x00000000000003ea      0x13c build/default/production/_ext/1975241074/BOARD.o
 .debug_line    0x0000000000000526      0x163 build/default/production/_ext/1975241074/ES_CheckEvents.o
 .debug_line    0x0000000000000689      0x267 build/default/production/_ext/1975241074/ES_Framework.o
 .debug_line    0x00000000000008f0      0x183 build/default/production/_ext/1975241074/ES_KeyboardInput.o
 .debug_line    0x0000000000000a73       0x58 build/default/production/_ext/1975241074/ES_PostList.o
 .debug_line    0x0000000000000acb      0x1f1 build/default/production/_ext/1975241074/ES_Queue.o
 .debug_line    0x0000000000000cbc      0x294 build/default/production/_ext/1975241074/ES_TattleTale.o
 .debug_line    0x0000000000000f50      0x2be build/default/production/_ext/1975241074/ES_Timers.o
 .debug_line    0x000000000000120e      0x358 build/default/production/_ext/1975241074/IO_Ports.o
 .debug_line    0x0000000000001566      0x581 build/default/production/_ext/1975241074/LED.o
 .debug_line    0x0000000000001ae7      0x47d build/default/production/_ext/1975241074/RC_Servo.o
 .debug_line    0x0000000000001f64      0x35a build/default/production/_ext/1975241074/pwm.o
 .debug_line    0x00000000000022be      0x2b4 build/default/production/_ext/1975241074/serial.o
 .debug_line    0x0000000000002572      0x213 build/default/production/DepositSubHSM.o
 .debug_line    0x0000000000002785      0x269 build/default/production/BumperService.o
 .debug_line    0x00000000000029ee      0x1ad build/default/production/TrackWireService.o
 .debug_line    0x0000000000002b9b      0x273 build/default/production/TapeService.o
 .debug_line    0x0000000000002e0e       0xba build/default/production/RobotMain.o
 .debug_line    0x0000000000002ec8      0x1e5 build/default/production/RoboHSM.o
 .debug_line    0x00000000000030ad      0x363 build/default/production/RoamSubHSM.o
 .debug_line    0x0000000000003410      0x225 build/default/production/MowerSubHSM.o
 .debug_line    0x0000000000003635      0x2be build/default/production/Motors.o
 .debug_line    0x00000000000038f3      0x3a0 build/default/production/FindDoorSubHSM.o
 .debug_line    0x0000000000003c93      0x23b build/default/production/_ext/1975241074/timers.o
 .debug_line    0x0000000000003ece       0xbc c:/program files/microchip/xc32/v4.10/bin/bin/../../lib/gcc/pic32mx/8.3.1\libgcc.a(floatunsisf.o)
 .debug_line    0x0000000000003f8a       0xcc c:/program files/microchip/xc32/v4.10/bin/bin/../../lib/gcc/pic32mx/8.3.1/../../../../pic32mx/lib\libpic32.a(default-bootstrap-exception-handler.o)
 .debug_line    0x0000000000004056       0xa8 c:/program files/microchip/xc32/v4.10/bin/bin/../../lib/gcc/pic32mx/8.3.1/../../../../pic32mx/lib\libpic32.a(default-on-reset.o)